
Starting distance sweep: 21 points x 5 repetitions
[distance    ] point  1 value=20 rep=1 scheme=Uniform QAM              I_AB=9.485074e-02 chi_BE=7.877476e-02 K_raw=+1.133344e-02
[distance    ] point  1 value=20 rep=1 scheme=Maxwell-Boltzmann QAM    I_AB=9.500860e-02 chi_BE=6.396881e-02 K_raw=+2.628937e-02
[distance    ] point  1 value=20 rep=1 scheme=Binomial QAM             I_AB=9.504652e-02 chi_BE=6.417148e-02 K_raw=+2.612271e-02
[distance    ] point  1 value=20 rep=1 scheme=GS                       I_AB=9.485090e-02 chi_BE=7.769211e-02 K_raw=+1.241624e-02
[distance    ] point  1 value=20 rep=1 scheme=PS                       I_AB=9.500860e-02 chi_BE=6.396881e-02 K_raw=+2.628937e-02
[distance    ] point  1 value=20 rep=1 scheme=PS+GS                    I_AB=9.500862e-02 chi_BE=6.393216e-02 K_raw=+2.632602e-02
[distance    ] point  1 value=20 rep=2 scheme=Uniform QAM              I_AB=9.662851e-02 chi_BE=8.021200e-02 K_raw=+1.158509e-02
[distance    ] point  1 value=20 rep=2 scheme=Maxwell-Boltzmann QAM    I_AB=9.656015e-02 chi_BE=6.515518e-02 K_raw=+2.657696e-02
[distance    ] point  1 value=20 rep=2 scheme=Binomial QAM             I_AB=9.652334e-02 chi_BE=6.536137e-02 K_raw=+2.633580e-02
[distance    ] point  1 value=20 rep=2 scheme=GS                       I_AB=9.662876e-02 chi_BE=7.911125e-02 K_raw=+1.268606e-02
[distance    ] point  1 value=20 rep=2 scheme=PS                       I_AB=9.656015e-02 chi_BE=6.515518e-02 K_raw=+2.657696e-02
[distance    ] point  1 value=20 rep=2 scheme=PS+GS                    I_AB=9.656013e-02 chi_BE=6.511790e-02 K_raw=+2.661422e-02
[distance    ] point  1 value=20 rep=3 scheme=Uniform QAM              I_AB=8.885865e-02 chi_BE=7.401762e-02 K_raw=+1.039810e-02
[distance    ] point  1 value=20 rep=3 scheme=Maxwell-Boltzmann QAM    I_AB=8.883269e-02 chi_BE=6.008064e-02 K_raw=+2.431042e-02
[distance    ] point  1 value=20 rep=3 scheme=Binomial QAM             I_AB=8.881863e-02 chi_BE=6.027101e-02 K_raw=+2.410669e-02
[distance    ] point  1 value=20 rep=3 scheme=GS                       I_AB=8.885888e-02 chi_BE=7.299732e-02 K_raw=+1.141861e-02
[distance    ] point  1 value=20 rep=3 scheme=PS                       I_AB=8.883269e-02 chi_BE=6.008064e-02 K_raw=+2.431042e-02
[distance    ] point  1 value=20 rep=3 scheme=PS+GS                    I_AB=8.883270e-02 chi_BE=6.004622e-02 K_raw=+2.434484e-02
[distance    ] point  1 value=20 rep=4 scheme=Uniform QAM              I_AB=9.849079e-02 chi_BE=8.163468e-02 K_raw=+1.193157e-02
[distance    ] point  1 value=20 rep=4 scheme=Maxwell-Boltzmann QAM    I_AB=9.845125e-02 chi_BE=6.630201e-02 K_raw=+2.722668e-02
[distance    ] point  1 value=20 rep=4 scheme=Binomial QAM             I_AB=9.845859e-02 chi_BE=6.651200e-02 K_raw=+2.702367e-02
[distance    ] point  1 value=20 rep=4 scheme=GS                       I_AB=9.849099e-02 chi_BE=8.051384e-02 K_raw=+1.305260e-02
[distance    ] point  1 value=20 rep=4 scheme=PS                       I_AB=9.845125e-02 chi_BE=6.630201e-02 K_raw=+2.722668e-02
[distance    ] point  1 value=20 rep=4 scheme=PS+GS                    I_AB=9.845123e-02 chi_BE=6.626404e-02 K_raw=+2.726463e-02
[distance    ] point  1 value=20 rep=5 scheme=Uniform QAM              I_AB=9.246651e-02 chi_BE=7.678545e-02 K_raw=+1.105774e-02
[distance    ] point  1 value=20 rep=5 scheme=Maxwell-Boltzmann QAM    I_AB=9.266983e-02 chi_BE=6.235195e-02 K_raw=+2.568439e-02
[distance    ] point  1 value=20 rep=5 scheme=Binomial QAM             I_AB=9.271759e-02 chi_BE=6.254951e-02 K_raw=+2.553220e-02
[distance    ] point  1 value=20 rep=5 scheme=GS                       I_AB=9.246675e-02 chi_BE=7.573001e-02 K_raw=+1.211341e-02
[distance    ] point  1 value=20 rep=5 scheme=PS                       I_AB=9.266983e-02 chi_BE=6.235195e-02 K_raw=+2.568439e-02
[distance    ] point  1 value=20 rep=5 scheme=PS+GS                    I_AB=9.266985e-02 chi_BE=6.231623e-02 K_raw=+2.572013e-02
[distance    ] point  2 value=24 rep=1 scheme=Uniform QAM              I_AB=4.577989e-02 chi_BE=3.896283e-02 K_raw=+4.528070e-03
[distance    ] point  2 value=24 rep=1 scheme=Maxwell-Boltzmann QAM    I_AB=4.576166e-02 chi_BE=3.144927e-02 K_raw=+1.202431e-02
[distance    ] point  2 value=24 rep=1 scheme=Binomial QAM             I_AB=4.576045e-02 chi_BE=3.154970e-02 K_raw=+1.192273e-02
[distance    ] point  2 value=24 rep=1 scheme=GS                       I_AB=4.577995e-02 chi_BE=3.840622e-02 K_raw=+5.084737e-03
[distance    ] point  2 value=24 rep=1 scheme=PS                       I_AB=4.576166e-02 chi_BE=3.144927e-02 K_raw=+1.202431e-02
[distance    ] point  2 value=24 rep=1 scheme=PS+GS                    I_AB=4.576166e-02 chi_BE=3.143113e-02 K_raw=+1.204245e-02
[distance    ] point  2 value=24 rep=2 scheme=Uniform QAM              I_AB=4.468216e-02 chi_BE=3.806370e-02 K_raw=+4.384350e-03
[distance    ] point  2 value=24 rep=2 scheme=Maxwell-Boltzmann QAM    I_AB=4.465891e-02 chi_BE=3.069791e-02 K_raw=+1.172806e-02
[distance    ] point  2 value=24 rep=2 scheme=Binomial QAM             I_AB=4.465349e-02 chi_BE=3.079616e-02 K_raw=+1.162466e-02
[distance    ] point  2 value=24 rep=2 scheme=GS                       I_AB=4.468217e-02 chi_BE=3.751742e-02 K_raw=+4.930646e-03
[distance    ] point  2 value=24 rep=2 scheme=PS                       I_AB=4.465891e-02 chi_BE=3.069791e-02 K_raw=+1.172806e-02
[distance    ] point  2 value=24 rep=2 scheme=PS+GS                    I_AB=4.465892e-02 chi_BE=3.068017e-02 K_raw=+1.174581e-02
[distance    ] point  2 value=24 rep=3 scheme=Uniform QAM              I_AB=4.769030e-02 chi_BE=4.049511e-02 K_raw=+4.810674e-03
[distance    ] point  2 value=24 rep=3 scheme=Maxwell-Boltzmann QAM    I_AB=4.771328e-02 chi_BE=3.269005e-02 K_raw=+1.263757e-02
[distance    ] point  2 value=24 rep=3 scheme=Binomial QAM             I_AB=4.770480e-02 chi_BE=3.279439e-02 K_raw=+1.252517e-02
[distance    ] point  2 value=24 rep=3 scheme=GS                       I_AB=4.769033e-02 chi_BE=3.991696e-02 K_raw=+5.388851e-03
[distance    ] point  2 value=24 rep=3 scheme=PS                       I_AB=4.771328e-02 chi_BE=3.269005e-02 K_raw=+1.263757e-02
[distance    ] point  2 value=24 rep=3 scheme=PS+GS                    I_AB=4.771327e-02 chi_BE=3.267120e-02 K_raw=+1.265641e-02
[distance    ] point  2 value=24 rep=4 scheme=Uniform QAM              I_AB=4.778816e-02 chi_BE=4.063204e-02 K_raw=+4.766716e-03
[distance    ] point  2 value=24 rep=4 scheme=Maxwell-Boltzmann QAM    I_AB=4.778036e-02 chi_BE=3.279339e-02 K_raw=+1.259796e-02
[distance    ] point  2 value=24 rep=4 scheme=Binomial QAM             I_AB=4.777284e-02 chi_BE=3.289814e-02 K_raw=+1.248606e-02
[distance    ] point  2 value=24 rep=4 scheme=GS                       I_AB=4.778817e-02 chi_BE=4.005126e-02 K_raw=+5.347494e-03
[distance    ] point  2 value=24 rep=4 scheme=PS                       I_AB=4.778036e-02 chi_BE=3.279339e-02 K_raw=+1.259796e-02
[distance    ] point  2 value=24 rep=4 scheme=PS+GS                    I_AB=4.778036e-02 chi_BE=3.277447e-02 K_raw=+1.261687e-02
[distance    ] point  2 value=24 rep=5 scheme=Uniform QAM              I_AB=4.475425e-02 chi_BE=3.812042e-02 K_raw=+4.396119e-03
[distance    ] point  2 value=24 rep=5 scheme=Maxwell-Boltzmann QAM    I_AB=4.473798e-02 chi_BE=3.073979e-02 K_raw=+1.176129e-02
[distance    ] point  2 value=24 rep=5 scheme=Binomial QAM             I_AB=4.472682e-02 chi_BE=3.083823e-02 K_raw=+1.165225e-02
[distance    ] point  2 value=24 rep=5 scheme=GS                       I_AB=4.475427e-02 chi_BE=3.757300e-02 K_raw=+4.943565e-03
[distance    ] point  2 value=24 rep=5 scheme=PS                       I_AB=4.473798e-02 chi_BE=3.073979e-02 K_raw=+1.176129e-02
[distance    ] point  2 value=24 rep=5 scheme=PS+GS                    I_AB=4.473797e-02 chi_BE=3.072202e-02 K_raw=+1.177905e-02
[distance    ] point  3 value=28 rep=1 scheme=Uniform QAM              I_AB=2.228306e-02 chi_BE=1.936368e-02 K_raw=+1.805227e-03
[distance    ] point  3 value=28 rep=1 scheme=Maxwell-Boltzmann QAM    I_AB=2.226895e-02 chi_BE=1.546278e-02 K_raw=+5.692729e-03
[distance    ] point  3 value=28 rep=1 scheme=Binomial QAM             I_AB=2.226151e-02 chi_BE=1.551377e-02 K_raw=+5.634662e-03
[distance    ] point  3 value=28 rep=1 scheme=GS                       I_AB=2.228305e-02 chi_BE=1.907130e-02 K_raw=+2.097605e-03
[distance    ] point  3 value=28 rep=1 scheme=PS                       I_AB=2.226895e-02 chi_BE=1.546278e-02 K_raw=+5.692729e-03
[distance    ] point  3 value=28 rep=1 scheme=PS+GS                    I_AB=2.226895e-02 chi_BE=1.545358e-02 K_raw=+5.701926e-03
[distance    ] point  3 value=28 rep=2 scheme=Uniform QAM              I_AB=2.215479e-02 chi_BE=1.925988e-02 K_raw=+1.787174e-03
[distance    ] point  3 value=28 rep=2 scheme=Maxwell-Boltzmann QAM    I_AB=2.213811e-02 chi_BE=1.536829e-02 K_raw=+5.662917e-03
[distance    ] point  3 value=28 rep=2 scheme=Binomial QAM             I_AB=2.213603e-02 chi_BE=1.541909e-02 K_raw=+5.610133e-03
[distance    ] point  3 value=28 rep=2 scheme=GS                       I_AB=2.215479e-02 chi_BE=1.896799e-02 K_raw=+2.079060e-03
[distance    ] point  3 value=28 rep=2 scheme=PS                       I_AB=2.213811e-02 chi_BE=1.536829e-02 K_raw=+5.662917e-03
[distance    ] point  3 value=28 rep=2 scheme=PS+GS                    I_AB=2.213811e-02 chi_BE=1.535912e-02 K_raw=+5.672079e-03
[distance    ] point  3 value=28 rep=3 scheme=Uniform QAM              I_AB=2.102772e-02 chi_BE=1.824603e-02 K_raw=+1.730304e-03
[distance    ] point  3 value=28 rep=3 scheme=Maxwell-Boltzmann QAM    I_AB=2.102184e-02 chi_BE=1.456963e-02 K_raw=+5.401117e-03
[distance    ] point  3 value=28 rep=3 scheme=Binomial QAM             I_AB=2.101927e-02 chi_BE=1.461769e-02 K_raw=+5.350622e-03
[distance    ] point  3 value=28 rep=3 scheme=GS                       I_AB=2.102772e-02 chi_BE=1.797047e-02 K_raw=+2.005867e-03
[distance    ] point  3 value=28 rep=3 scheme=PS                       I_AB=2.102184e-02 chi_BE=1.456963e-02 K_raw=+5.401117e-03
[distance    ] point  3 value=28 rep=3 scheme=PS+GS                    I_AB=2.102184e-02 chi_BE=1.456096e-02 K_raw=+5.409783e-03
[distance    ] point  3 value=28 rep=4 scheme=Uniform QAM              I_AB=2.221047e-02 chi_BE=1.929559e-02 K_raw=+1.804357e-03
[distance    ] point  3 value=28 rep=4 scheme=Maxwell-Boltzmann QAM    I_AB=2.222560e-02 chi_BE=1.540522e-02 K_raw=+5.709103e-03
[distance    ] point  3 value=28 rep=4 scheme=Binomial QAM             I_AB=2.222762e-02 chi_BE=1.545606e-02 K_raw=+5.660187e-03
[distance    ] point  3 value=28 rep=4 scheme=GS                       I_AB=2.221047e-02 chi_BE=1.900393e-02 K_raw=+2.096017e-03
[distance    ] point  3 value=28 rep=4 scheme=PS                       I_AB=2.222560e-02 chi_BE=1.540522e-02 K_raw=+5.709103e-03
[distance    ] point  3 value=28 rep=4 scheme=PS+GS                    I_AB=2.222560e-02 chi_BE=1.539605e-02 K_raw=+5.718271e-03
[distance    ] point  3 value=28 rep=5 scheme=Uniform QAM              I_AB=2.363183e-02 chi_BE=2.052202e-02 K_raw=+1.928219e-03
[distance    ] point  3 value=28 rep=5 scheme=Maxwell-Boltzmann QAM    I_AB=2.366162e-02 chi_BE=1.639969e-02 K_raw=+6.078850e-03
[distance    ] point  3 value=28 rep=5 scheme=Binomial QAM             I_AB=2.366827e-02 chi_BE=1.645364e-02 K_raw=+6.031218e-03
[distance    ] point  3 value=28 rep=5 scheme=GS                       I_AB=2.363183e-02 chi_BE=2.021323e-02 K_raw=+2.237013e-03
[distance    ] point  3 value=28 rep=5 scheme=PS                       I_AB=2.366162e-02 chi_BE=1.639969e-02 K_raw=+6.078850e-03
[distance    ] point  3 value=28 rep=5 scheme=PS+GS                    I_AB=2.366162e-02 chi_BE=1.638995e-02 K_raw=+6.088582e-03
[distance    ] point  4 value=32 rep=1 scheme=Uniform QAM              I_AB=1.235810e-02 chi_BE=1.090445e-02 K_raw=+8.357458e-04
[distance    ] point  4 value=32 rep=1 scheme=Maxwell-Boltzmann QAM    I_AB=1.236756e-02 chi_BE=8.620342e-03 K_raw=+3.128841e-03
[distance    ] point  4 value=32 rep=1 scheme=Binomial QAM             I_AB=1.237087e-02 chi_BE=8.649745e-03 K_raw=+3.102581e-03
[distance    ] point  4 value=32 rep=1 scheme=GS                       I_AB=1.235810e-02 chi_BE=1.073190e-02 K_raw=+1.008297e-03
[distance    ] point  4 value=32 rep=1 scheme=PS                       I_AB=1.236756e-02 chi_BE=8.620342e-03 K_raw=+3.128841e-03
[distance    ] point  4 value=32 rep=1 scheme=PS+GS                    I_AB=1.236756e-02 chi_BE=8.615042e-03 K_raw=+3.134142e-03
[distance    ] point  4 value=32 rep=2 scheme=Uniform QAM              I_AB=1.162063e-02 chi_BE=1.025838e-02 K_raw=+7.812198e-04
[distance    ] point  4 value=32 rep=2 scheme=Maxwell-Boltzmann QAM    I_AB=1.161129e-02 chi_BE=8.105297e-03 K_raw=+2.925429e-03
[distance    ] point  4 value=32 rep=2 scheme=Binomial QAM             I_AB=1.161083e-02 chi_BE=8.132994e-03 K_raw=+2.897294e-03
[distance    ] point  4 value=32 rep=2 scheme=GS                       I_AB=1.162063e-02 chi_BE=1.009567e-02 K_raw=+9.439297e-04
[distance    ] point  4 value=32 rep=2 scheme=PS                       I_AB=1.161129e-02 chi_BE=8.105297e-03 K_raw=+2.925429e-03
[distance    ] point  4 value=32 rep=2 scheme=PS+GS                    I_AB=1.161129e-02 chi_BE=8.100305e-03 K_raw=+2.930423e-03
[distance    ] point  4 value=32 rep=3 scheme=Uniform QAM              I_AB=1.079358e-02 chi_BE=9.555567e-03 K_raw=+6.983353e-04
[distance    ] point  4 value=32 rep=3 scheme=Maxwell-Boltzmann QAM    I_AB=1.079350e-02 chi_BE=7.534305e-03 K_raw=+2.719523e-03
[distance    ] point  4 value=32 rep=3 scheme=Binomial QAM             I_AB=1.079294e-02 chi_BE=7.560238e-03 K_raw=+2.693057e-03
[distance    ] point  4 value=32 rep=3 scheme=GS                       I_AB=1.079358e-02 chi_BE=9.402620e-03 K_raw=+8.512817e-04
[distance    ] point  4 value=32 rep=3 scheme=PS                       I_AB=1.079350e-02 chi_BE=7.534305e-03 K_raw=+2.719523e-03
[distance    ] point  4 value=32 rep=3 scheme=PS+GS                    I_AB=1.079350e-02 chi_BE=7.529631e-03 K_raw=+2.724195e-03
[distance    ] point  4 value=32 rep=4 scheme=Uniform QAM              I_AB=1.127716e-02 chi_BE=9.960719e-03 K_raw=+7.525863e-04
[distance    ] point  4 value=32 rep=4 scheme=Maxwell-Boltzmann QAM    I_AB=1.127482e-02 chi_BE=7.865618e-03 K_raw=+2.845460e-03
[distance    ] point  4 value=32 rep=4 scheme=Binomial QAM             I_AB=1.127549e-02 chi_BE=7.892548e-03 K_raw=+2.819171e-03
[distance    ] point  4 value=32 rep=4 scheme=GS                       I_AB=1.127716e-02 chi_BE=9.802332e-03 K_raw=+9.109728e-04
[distance    ] point  4 value=32 rep=4 scheme=PS                       I_AB=1.127482e-02 chi_BE=7.865618e-03 K_raw=+2.845460e-03
[distance    ] point  4 value=32 rep=4 scheme=PS+GS                    I_AB=1.127482e-02 chi_BE=7.860764e-03 K_raw=+2.850314e-03
[distance    ] point  4 value=32 rep=5 scheme=Uniform QAM              I_AB=1.174893e-02 chi_BE=1.036574e-02 K_raw=+7.957422e-04
[distance    ] point  4 value=32 rep=5 scheme=Maxwell-Boltzmann QAM    I_AB=1.175604e-02 chi_BE=8.188341e-03 K_raw=+2.979895e-03
[distance    ] point  4 value=32 rep=5 scheme=Binomial QAM             I_AB=1.175771e-02 chi_BE=8.216344e-03 K_raw=+2.953479e-03
[distance    ] point  4 value=32 rep=5 scheme=GS                       I_AB=1.174893e-02 chi_BE=1.020117e-02 K_raw=+9.603068e-04
[distance    ] point  4 value=32 rep=5 scheme=PS                       I_AB=1.175604e-02 chi_BE=8.188341e-03 K_raw=+2.979895e-03
[distance    ] point  4 value=32 rep=5 scheme=PS+GS                    I_AB=1.175604e-02 chi_BE=8.183293e-03 K_raw=+2.984943e-03
[distance    ] point  5 value=36 rep=1 scheme=Uniform QAM              I_AB=6.479398e-03 chi_BE=5.809241e-03 K_raw=+3.461873e-04
[distance    ] point  5 value=36 rep=1 scheme=Maxwell-Boltzmann QAM    I_AB=6.467987e-03 chi_BE=4.536955e-03 K_raw=+1.607632e-03
[distance    ] point  5 value=36 rep=1 scheme=Binomial QAM             I_AB=6.467319e-03 chi_BE=4.553088e-03 K_raw=+1.590864e-03
[distance    ] point  5 value=36 rep=1 scheme=GS                       I_AB=6.479398e-03 chi_BE=5.712405e-03 K_raw=+4.430240e-04
[distance    ] point  5 value=36 rep=1 scheme=PS                       I_AB=6.467987e-03 chi_BE=4.536955e-03 K_raw=+1.607632e-03
[distance    ] point  5 value=36 rep=1 scheme=PS+GS                    I_AB=6.467986e-03 chi_BE=4.534050e-03 K_raw=+1.610538e-03
[distance    ] point  5 value=36 rep=2 scheme=Uniform QAM              I_AB=6.646801e-03 chi_BE=5.957776e-03 K_raw=+3.566847e-04
[distance    ] point  5 value=36 rep=2 scheme=Maxwell-Boltzmann QAM    I_AB=6.644134e-03 chi_BE=4.651958e-03 K_raw=+1.659969e-03
[distance    ] point  5 value=36 rep=2 scheme=Binomial QAM             I_AB=6.642453e-03 chi_BE=4.668513e-03 K_raw=+1.641818e-03
[distance    ] point  5 value=36 rep=2 scheme=GS                       I_AB=6.646800e-03 chi_BE=5.858375e-03 K_raw=+4.560851e-04
[distance    ] point  5 value=36 rep=2 scheme=PS                       I_AB=6.644134e-03 chi_BE=4.651958e-03 K_raw=+1.659969e-03
[distance    ] point  5 value=36 rep=2 scheme=PS+GS                    I_AB=6.644134e-03 chi_BE=4.648977e-03 K_raw=+1.662950e-03
[distance    ] point  5 value=36 rep=3 scheme=Uniform QAM              I_AB=5.742338e-03 chi_BE=5.153360e-03 K_raw=+3.018607e-04
[distance    ] point  5 value=36 rep=3 scheme=Maxwell-Boltzmann QAM    I_AB=5.751478e-03 chi_BE=4.016403e-03 K_raw=+1.447501e-03
[distance    ] point  5 value=36 rep=3 scheme=Binomial QAM             I_AB=5.753272e-03 chi_BE=4.030787e-03 K_raw=+1.434821e-03
[distance    ] point  5 value=36 rep=3 scheme=GS                       I_AB=5.742338e-03 chi_BE=5.066728e-03 K_raw=+3.884927e-04
[distance    ] point  5 value=36 rep=3 scheme=PS                       I_AB=5.751478e-03 chi_BE=4.016403e-03 K_raw=+1.447501e-03
[distance    ] point  5 value=36 rep=3 scheme=PS+GS                    I_AB=5.751478e-03 chi_BE=4.013812e-03 K_raw=+1.450092e-03
[distance    ] point  5 value=36 rep=4 scheme=Uniform QAM              I_AB=5.404017e-03 chi_BE=4.862796e-03 K_raw=+2.710200e-04
[distance    ] point  5 value=36 rep=4 scheme=Maxwell-Boltzmann QAM    I_AB=5.415643e-03 chi_BE=3.786178e-03 K_raw=+1.358683e-03
[distance    ] point  5 value=36 rep=4 scheme=Binomial QAM             I_AB=5.419730e-03 chi_BE=3.799785e-03 K_raw=+1.348959e-03
[distance    ] point  5 value=36 rep=4 scheme=GS                       I_AB=5.404017e-03 chi_BE=4.780718e-03 K_raw=+3.530973e-04
[distance    ] point  5 value=36 rep=4 scheme=PS                       I_AB=5.415643e-03 chi_BE=3.786178e-03 K_raw=+1.358683e-03
[distance    ] point  5 value=36 rep=4 scheme=PS+GS                    I_AB=5.415643e-03 chi_BE=3.783728e-03 K_raw=+1.361133e-03
[distance    ] point  5 value=36 rep=5 scheme=Uniform QAM              I_AB=5.996201e-03 chi_BE=5.384679e-03 K_raw=+3.117120e-04
[distance    ] point  5 value=36 rep=5 scheme=Maxwell-Boltzmann QAM    I_AB=5.994039e-03 chi_BE=4.196390e-03 K_raw=+1.497946e-03
[distance    ] point  5 value=36 rep=5 scheme=Binomial QAM             I_AB=5.995048e-03 chi_BE=4.211423e-03 K_raw=+1.483873e-03
[distance    ] point  5 value=36 rep=5 scheme=GS                       I_AB=5.996201e-03 chi_BE=5.294131e-03 K_raw=+4.022602e-04
[distance    ] point  5 value=36 rep=5 scheme=PS                       I_AB=5.994039e-03 chi_BE=4.196390e-03 K_raw=+1.497946e-03
[distance    ] point  5 value=36 rep=5 scheme=PS+GS                    I_AB=5.994039e-03 chi_BE=4.193683e-03 K_raw=+1.500654e-03
[distance    ] point  6 value=40 rep=1 scheme=Uniform QAM              I_AB=3.509224e-03 chi_BE=3.189678e-03 K_raw=+1.440845e-04
[distance    ] point  6 value=40 rep=1 scheme=Maxwell-Boltzmann QAM    I_AB=3.505807e-03 chi_BE=2.460563e-03 K_raw=+8.699543e-04
[distance    ] point  6 value=40 rep=1 scheme=Binomial QAM             I_AB=3.506084e-03 chi_BE=2.469689e-03 K_raw=+8.610911e-04
[distance    ] point  6 value=40 rep=1 scheme=GS                       I_AB=3.509224e-03 chi_BE=3.133831e-03 K_raw=+1.999322e-04
[distance    ] point  6 value=40 rep=1 scheme=PS                       I_AB=3.505807e-03 chi_BE=2.460563e-03 K_raw=+8.699543e-04
[distance    ] point  6 value=40 rep=1 scheme=PS+GS                    I_AB=3.505807e-03 chi_BE=2.458920e-03 K_raw=+8.715968e-04
[distance    ] point  6 value=40 rep=2 scheme=Uniform QAM              I_AB=2.742015e-03 chi_BE=2.496145e-03 K_raw=+1.087691e-04
[distance    ] point  6 value=40 rep=2 scheme=Maxwell-Boltzmann QAM    I_AB=2.737345e-03 chi_BE=1.921980e-03 K_raw=+6.784968e-04
[distance    ] point  6 value=40 rep=2 scheme=Binomial QAM             I_AB=2.736401e-03 chi_BE=1.929154e-03 K_raw=+6.704266e-04
[distance    ] point  6 value=40 rep=2 scheme=GS                       I_AB=2.742014e-03 chi_BE=2.452129e-03 K_raw=+1.527850e-04
[distance    ] point  6 value=40 rep=2 scheme=PS                       I_AB=2.737345e-03 chi_BE=1.921980e-03 K_raw=+6.784968e-04
[distance    ] point  6 value=40 rep=2 scheme=PS+GS                    I_AB=2.737345e-03 chi_BE=1.920689e-03 K_raw=+6.797880e-04
[distance    ] point  6 value=40 rep=3 scheme=Uniform QAM              I_AB=3.271436e-03 chi_BE=2.978649e-03 K_raw=+1.292146e-04
[distance    ] point  6 value=40 rep=3 scheme=Maxwell-Boltzmann QAM    I_AB=3.275498e-03 chi_BE=2.293780e-03 K_raw=+8.179431e-04
[distance    ] point  6 value=40 rep=3 scheme=Binomial QAM             I_AB=3.275865e-03 chi_BE=2.302338e-03 K_raw=+8.097331e-04
[distance    ] point  6 value=40 rep=3 scheme=GS                       I_AB=3.271436e-03 chi_BE=2.926149e-03 K_raw=+1.817152e-04
[distance    ] point  6 value=40 rep=3 scheme=PS                       I_AB=3.275498e-03 chi_BE=2.293780e-03 K_raw=+8.179431e-04
[distance    ] point  6 value=40 rep=3 scheme=PS+GS                    I_AB=3.275498e-03 chi_BE=2.292240e-03 K_raw=+8.194831e-04
[distance    ] point  6 value=40 rep=4 scheme=Uniform QAM              I_AB=2.529439e-03 chi_BE=2.308604e-03 K_raw=+9.436306e-05
[distance    ] point  6 value=40 rep=4 scheme=Maxwell-Boltzmann QAM    I_AB=2.523413e-03 chi_BE=1.771698e-03 K_raw=+6.255442e-04
[distance    ] point  6 value=40 rep=4 scheme=Binomial QAM             I_AB=2.521185e-03 chi_BE=1.778385e-03 K_raw=+6.167400e-04
[distance    ] point  6 value=40 rep=4 scheme=GS                       I_AB=2.529439e-03 chi_BE=2.267383e-03 K_raw=+1.355846e-04
[distance    ] point  6 value=40 rep=4 scheme=PS                       I_AB=2.523413e-03 chi_BE=1.771698e-03 K_raw=+6.255442e-04
[distance    ] point  6 value=40 rep=4 scheme=PS+GS                    I_AB=2.523413e-03 chi_BE=1.770495e-03 K_raw=+6.267472e-04
[distance    ] point  6 value=40 rep=5 scheme=Uniform QAM              I_AB=3.126848e-03 chi_BE=2.847613e-03 K_raw=+1.228924e-04
[distance    ] point  6 value=40 rep=5 scheme=Maxwell-Boltzmann QAM    I_AB=3.132290e-03 chi_BE=2.193836e-03 K_raw=+7.818396e-04
[distance    ] point  6 value=40 rep=5 scheme=Binomial QAM             I_AB=3.133541e-03 chi_BE=2.202009e-03 K_raw=+7.748555e-04
[distance    ] point  6 value=40 rep=5 scheme=GS                       I_AB=3.126848e-03 chi_BE=2.797506e-03 K_raw=+1.729992e-04
[distance    ] point  6 value=40 rep=5 scheme=PS                       I_AB=3.132290e-03 chi_BE=2.193836e-03 K_raw=+7.818396e-04
[distance    ] point  6 value=40 rep=5 scheme=PS+GS                    I_AB=3.132290e-03 chi_BE=2.192365e-03 K_raw=+7.833102e-04
[distance    ] point  7 value=44 rep=1 scheme=Uniform QAM              I_AB=1.481537e-03 chi_BE=1.370402e-03 K_raw=+3.705774e-05
[distance    ] point  7 value=44 rep=1 scheme=Maxwell-Boltzmann QAM    I_AB=1.483077e-03 chi_BE=1.042301e-03 K_raw=+3.666225e-04
[distance    ] point  7 value=44 rep=1 scheme=Binomial QAM             I_AB=1.483441e-03 chi_BE=1.046354e-03 K_raw=+3.629151e-04
[distance    ] point  7 value=44 rep=1 scheme=GS                       I_AB=1.481537e-03 chi_BE=1.345114e-03 K_raw=+6.234578e-05
[distance    ] point  7 value=44 rep=1 scheme=PS                       I_AB=1.483077e-03 chi_BE=1.042301e-03 K_raw=+3.666225e-04
[distance    ] point  7 value=44 rep=1 scheme=PS+GS                    I_AB=1.483077e-03 chi_BE=1.041572e-03 K_raw=+3.673518e-04
[distance    ] point  7 value=44 rep=2 scheme=Uniform QAM              I_AB=1.535165e-03 chi_BE=1.418783e-03 K_raw=+3.962381e-05
[distance    ] point  7 value=44 rep=2 scheme=Maxwell-Boltzmann QAM    I_AB=1.537462e-03 chi_BE=1.077725e-03 K_raw=+3.828634e-04
[distance    ] point  7 value=44 rep=2 scheme=Binomial QAM             I_AB=1.537683e-03 chi_BE=1.081934e-03 K_raw=+3.788642e-04
[distance    ] point  7 value=44 rep=2 scheme=GS                       I_AB=1.535165e-03 chi_BE=1.392483e-03 K_raw=+6.592398e-05
[distance    ] point  7 value=44 rep=2 scheme=PS                       I_AB=1.537462e-03 chi_BE=1.077725e-03 K_raw=+3.828634e-04
[distance    ] point  7 value=44 rep=2 scheme=PS+GS                    I_AB=1.537462e-03 chi_BE=1.076968e-03 K_raw=+3.836204e-04
[distance    ] point  7 value=44 rep=3 scheme=Uniform QAM              I_AB=1.332520e-03 chi_BE=1.233225e-03 K_raw=+3.266845e-05
[distance    ] point  7 value=44 rep=3 scheme=Maxwell-Boltzmann QAM    I_AB=1.335425e-03 chi_BE=9.361672e-04 K_raw=+3.324868e-04
[distance    ] point  7 value=44 rep=3 scheme=Binomial QAM             I_AB=1.335909e-03 chi_BE=9.398312e-04 K_raw=+3.292820e-04
[distance    ] point  7 value=44 rep=3 scheme=GS                       I_AB=1.332520e-03 chi_BE=1.210312e-03 K_raw=+5.558157e-05
[distance    ] point  7 value=44 rep=3 scheme=PS                       I_AB=1.335425e-03 chi_BE=9.361672e-04 K_raw=+3.324868e-04
[distance    ] point  7 value=44 rep=3 scheme=PS+GS                    I_AB=1.335426e-03 chi_BE=9.355083e-04 K_raw=+3.331460e-04
[distance    ] point  7 value=44 rep=4 scheme=Uniform QAM              I_AB=1.301233e-03 chi_BE=1.204511e-03 K_raw=+3.166063e-05
[distance    ] point  7 value=44 rep=4 scheme=Maxwell-Boltzmann QAM    I_AB=1.300579e-03 chi_BE=9.134094e-04 K_raw=+3.221409e-04
[distance    ] point  7 value=44 rep=4 scheme=Binomial QAM             I_AB=1.300362e-03 chi_BE=9.169969e-04 K_raw=+3.183467e-04
[distance    ] point  7 value=44 rep=4 scheme=GS                       I_AB=1.301233e-03 chi_BE=1.182048e-03 K_raw=+5.412324e-05
[distance    ] point  7 value=44 rep=4 scheme=PS                       I_AB=1.300579e-03 chi_BE=9.134094e-04 K_raw=+3.221409e-04
[distance    ] point  7 value=44 rep=4 scheme=PS+GS                    I_AB=1.300579e-03 chi_BE=9.127643e-04 K_raw=+3.227861e-04
[distance    ] point  7 value=44 rep=5 scheme=Uniform QAM              I_AB=1.717331e-03 chi_BE=1.582444e-03 K_raw=+4.902025e-05
[distance    ] point  7 value=44 rep=5 scheme=Maxwell-Boltzmann QAM    I_AB=1.718318e-03 chi_BE=1.205671e-03 K_raw=+4.267307e-04
[distance    ] point  7 value=44 rep=5 scheme=Binomial QAM             I_AB=1.718313e-03 chi_BE=1.210333e-03 K_raw=+4.220641e-04
[distance    ] point  7 value=44 rep=5 scheme=GS                       I_AB=1.717331e-03 chi_BE=1.553425e-03 K_raw=+7.803869e-05
[distance    ] point  7 value=44 rep=5 scheme=PS                       I_AB=1.718318e-03 chi_BE=1.205671e-03 K_raw=+4.267307e-04
[distance    ] point  7 value=44 rep=5 scheme=PS+GS                    I_AB=1.718318e-03 chi_BE=1.204833e-03 K_raw=+4.275691e-04
[distance    ] point  8 value=48 rep=1 scheme=Uniform QAM              I_AB=7.465506e-04 chi_BE=6.994133e-04 K_raw=+9.809715e-06
[distance    ] point  8 value=48 rep=1 scheme=Maxwell-Boltzmann QAM    I_AB=7.469884e-04 chi_BE=5.246675e-04 K_raw=+1.849715e-04
[distance    ] point  8 value=48 rep=1 scheme=Binomial QAM             I_AB=7.469545e-04 chi_BE=5.268021e-04 K_raw=+1.828047e-04
[distance    ] point  8 value=48 rep=1 scheme=GS                       I_AB=7.465506e-04 chi_BE=6.858736e-04 K_raw=+2.334943e-05
[distance    ] point  8 value=48 rep=1 scheme=PS                       I_AB=7.469884e-04 chi_BE=5.246675e-04 K_raw=+1.849715e-04
[distance    ] point  8 value=48 rep=1 scheme=PS+GS                    I_AB=7.469885e-04 chi_BE=5.242838e-04 K_raw=+1.853553e-04
[distance    ] point  8 value=48 rep=2 scheme=Uniform QAM              I_AB=9.296057e-04 chi_BE=8.698674e-04 K_raw=+1.325803e-05
[distance    ] point  8 value=48 rep=2 scheme=Maxwell-Boltzmann QAM    I_AB=9.292185e-04 chi_BE=6.538424e-04 K_raw=+2.289152e-04
[distance    ] point  8 value=48 rep=2 scheme=Binomial QAM             I_AB=9.290974e-04 chi_BE=6.564854e-04 K_raw=+2.261571e-04
[distance    ] point  8 value=48 rep=2 scheme=GS                       I_AB=9.296057e-04 chi_BE=8.531413e-04 K_raw=+2.998411e-05
[distance    ] point  8 value=48 rep=2 scheme=PS                       I_AB=9.292185e-04 chi_BE=6.538424e-04 K_raw=+2.289152e-04
[distance    ] point  8 value=48 rep=2 scheme=PS+GS                    I_AB=9.292184e-04 chi_BE=6.533673e-04 K_raw=+2.293902e-04
[distance    ] point  8 value=48 rep=3 scheme=Uniform QAM              I_AB=9.414006e-04 chi_BE=8.799151e-04 K_raw=+1.441544e-05
[distance    ] point  8 value=48 rep=3 scheme=Maxwell-Boltzmann QAM    I_AB=9.409178e-04 chi_BE=6.618259e-04 K_raw=+2.320461e-04
[distance    ] point  8 value=48 rep=3 scheme=Binomial QAM             I_AB=9.409098e-04 chi_BE=6.644955e-04 K_raw=+2.293689e-04
[distance    ] point  8 value=48 rep=3 scheme=GS                       I_AB=9.414006e-04 chi_BE=8.630331e-04 K_raw=+3.129744e-05
[distance    ] point  8 value=48 rep=3 scheme=PS                       I_AB=9.409178e-04 chi_BE=6.618259e-04 K_raw=+2.320461e-04
[distance    ] point  8 value=48 rep=3 scheme=PS+GS                    I_AB=9.409179e-04 chi_BE=6.613460e-04 K_raw=+2.325260e-04
[distance    ] point  8 value=48 rep=4 scheme=Uniform QAM              I_AB=9.346596e-04 chi_BE=8.746139e-04 K_raw=+1.331268e-05
[distance    ] point  8 value=48 rep=4 scheme=Maxwell-Boltzmann QAM    I_AB=9.339082e-04 chi_BE=6.569871e-04 K_raw=+2.302257e-04
[distance    ] point  8 value=48 rep=4 scheme=Binomial QAM             I_AB=9.343506e-04 chi_BE=6.596483e-04 K_raw=+2.279847e-04
[distance    ] point  8 value=48 rep=4 scheme=GS                       I_AB=9.346596e-04 chi_BE=8.577598e-04 K_raw=+3.016682e-05
[distance    ] point  8 value=48 rep=4 scheme=PS                       I_AB=9.339082e-04 chi_BE=6.569871e-04 K_raw=+2.302257e-04
[distance    ] point  8 value=48 rep=4 scheme=PS+GS                    I_AB=9.339082e-04 chi_BE=6.565087e-04 K_raw=+2.307041e-04
[distance    ] point  8 value=48 rep=5 scheme=Uniform QAM              I_AB=8.189796e-04 chi_BE=7.678701e-04 K_raw=+1.016048e-05
[distance    ] point  8 value=48 rep=5 scheme=Maxwell-Boltzmann QAM    I_AB=8.187491e-04 chi_BE=5.755010e-04 K_raw=+2.023106e-04
[distance    ] point  8 value=48 rep=5 scheme=Binomial QAM             I_AB=8.184977e-04 chi_BE=5.778493e-04 K_raw=+1.997236e-04
[distance    ] point  8 value=48 rep=5 scheme=GS                       I_AB=8.189795e-04 chi_BE=7.529599e-04 K_raw=+2.507066e-05
[distance    ] point  8 value=48 rep=5 scheme=PS                       I_AB=8.187491e-04 chi_BE=5.755010e-04 K_raw=+2.023106e-04
[distance    ] point  8 value=48 rep=5 scheme=PS+GS                    I_AB=8.187491e-04 chi_BE=5.750790e-04 K_raw=+2.027327e-04
[distance    ] point  9 value=52 rep=1 scheme=Uniform QAM              I_AB=3.821129e-04 chi_BE=3.635839e-04 K_raw=-5.766992e-07
[distance    ] point  9 value=52 rep=1 scheme=Maxwell-Boltzmann QAM    I_AB=3.815980e-04 chi_BE=2.693338e-04 K_raw=+9.318426e-05
[distance    ] point  9 value=52 rep=1 scheme=Binomial QAM             I_AB=3.815365e-04 chi_BE=2.704744e-04 K_raw=+9.198525e-05
[distance    ] point  9 value=52 rep=1 scheme=GS                       I_AB=3.821128e-04 chi_BE=3.562496e-04 K_raw=+6.757630e-06
[distance    ] point  9 value=52 rep=1 scheme=PS                       I_AB=3.815980e-04 chi_BE=2.693338e-04 K_raw=+9.318426e-05
[distance    ] point  9 value=52 rep=1 scheme=PS+GS                    I_AB=3.815980e-04 chi_BE=2.691289e-04 K_raw=+9.338912e-05
[distance    ] point  9 value=52 rep=2 scheme=Uniform QAM              I_AB=4.081972e-04 chi_BE=3.878982e-04 K_raw=-1.108885e-07
[distance    ] point  9 value=52 rep=2 scheme=Maxwell-Boltzmann QAM    I_AB=4.086360e-04 chi_BE=2.870727e-04 K_raw=+1.011316e-04
[distance    ] point  9 value=52 rep=2 scheme=Binomial QAM             I_AB=4.086650e-04 chi_BE=2.882920e-04 K_raw=+9.993975e-05
[distance    ] point  9 value=52 rep=2 scheme=GS                       I_AB=4.081972e-04 chi_BE=3.800498e-04 K_raw=+7.737549e-06
[distance    ] point  9 value=52 rep=2 scheme=PS                       I_AB=4.086360e-04 chi_BE=2.870727e-04 K_raw=+1.011316e-04
[distance    ] point  9 value=52 rep=2 scheme=PS+GS                    I_AB=4.086360e-04 chi_BE=2.868536e-04 K_raw=+1.013506e-04
[distance    ] point  9 value=52 rep=3 scheme=Uniform QAM              I_AB=4.978060e-04 chi_BE=4.720610e-04 K_raw=+8.547314e-07
[distance    ] point  9 value=52 rep=3 scheme=Maxwell-Boltzmann QAM    I_AB=4.968121e-04 chi_BE=3.506585e-04 K_raw=+1.213130e-04
[distance    ] point  9 value=52 rep=3 scheme=Binomial QAM             I_AB=4.966150e-04 chi_BE=3.521306e-04 K_raw=+1.196537e-04
[distance    ] point  9 value=52 rep=3 scheme=GS                       I_AB=4.978060e-04 chi_BE=4.626222e-04 K_raw=+1.029350e-05
[distance    ] point  9 value=52 rep=3 scheme=PS                       I_AB=4.968121e-04 chi_BE=3.506585e-04 K_raw=+1.213130e-04
[distance    ] point  9 value=52 rep=3 scheme=PS+GS                    I_AB=4.968122e-04 chi_BE=3.503940e-04 K_raw=+1.215776e-04
[distance    ] point  9 value=52 rep=4 scheme=Uniform QAM              I_AB=4.130964e-04 chi_BE=3.922588e-04 K_raw=+1.827841e-07
[distance    ] point  9 value=52 rep=4 scheme=Maxwell-Boltzmann QAM    I_AB=4.130693e-04 chi_BE=2.906854e-04 K_raw=+1.017305e-04
[distance    ] point  9 value=52 rep=4 scheme=Binomial QAM             I_AB=4.129957e-04 chi_BE=2.919149e-04 K_raw=+1.004310e-04
[distance    ] point  9 value=52 rep=4 scheme=GS                       I_AB=4.130964e-04 chi_BE=3.843555e-04 K_raw=+8.086058e-06
[distance    ] point  9 value=52 rep=4 scheme=PS                       I_AB=4.130693e-04 chi_BE=2.906854e-04 K_raw=+1.017305e-04
[distance    ] point  9 value=52 rep=4 scheme=PS+GS                    I_AB=4.130692e-04 chi_BE=2.904645e-04 K_raw=+1.019513e-04
[distance    ] point  9 value=52 rep=5 scheme=Uniform QAM              I_AB=4.793676e-04 chi_BE=4.548710e-04 K_raw=+5.282499e-07
[distance    ] point  9 value=52 rep=5 scheme=Maxwell-Boltzmann QAM    I_AB=4.795853e-04 chi_BE=3.373205e-04 K_raw=+1.182856e-04
[distance    ] point  9 value=52 rep=5 scheme=Binomial QAM             I_AB=4.796022e-04 chi_BE=3.387441e-04 K_raw=+1.168780e-04
[distance    ] point  9 value=52 rep=5 scheme=GS                       I_AB=4.793676e-04 chi_BE=4.457266e-04 K_raw=+9.672602e-06
[distance    ] point  9 value=52 rep=5 scheme=PS                       I_AB=4.795853e-04 chi_BE=3.373205e-04 K_raw=+1.182856e-04
[distance    ] point  9 value=52 rep=5 scheme=PS+GS                    I_AB=4.795853e-04 chi_BE=3.370647e-04 K_raw=+1.185414e-04
[distance    ] point 10 value=56 rep=1 scheme=Uniform QAM              I_AB=2.582592e-04 chi_BE=2.473095e-04 K_raw=-1.963332e-06
[distance    ] point 10 value=56 rep=1 scheme=Maxwell-Boltzmann QAM    I_AB=2.585056e-04 chi_BE=1.814922e-04 K_raw=+6.408813e-05
[distance    ] point 10 value=56 rep=1 scheme=Binomial QAM             I_AB=2.584792e-04 chi_BE=1.822835e-04 K_raw=+6.327166e-05
[distance    ] point 10 value=56 rep=1 scheme=GS                       I_AB=2.582592e-04 chi_BE=2.421726e-04 K_raw=+3.173617e-06
[distance    ] point 10 value=56 rep=1 scheme=PS                       I_AB=2.585056e-04 chi_BE=1.814922e-04 K_raw=+6.408813e-05
[distance    ] point 10 value=56 rep=1 scheme=PS+GS                    I_AB=2.585056e-04 chi_BE=1.813501e-04 K_raw=+6.423025e-05
[distance    ] point 10 value=56 rep=2 scheme=Uniform QAM              I_AB=2.259460e-04 chi_BE=2.174064e-04 K_raw=-2.757692e-06
[distance    ] point 10 value=56 rep=2 scheme=Maxwell-Boltzmann QAM    I_AB=2.251666e-04 chi_BE=1.590510e-04 K_raw=+5.485728e-05
[distance    ] point 10 value=56 rep=2 scheme=Binomial QAM             I_AB=2.249848e-04 chi_BE=1.597512e-04 K_raw=+5.398440e-05
[distance    ] point 10 value=56 rep=2 scheme=GS                       I_AB=2.259460e-04 chi_BE=2.128476e-04 K_raw=+1.801108e-06
[distance    ] point 10 value=56 rep=2 scheme=PS                       I_AB=2.251666e-04 chi_BE=1.590510e-04 K_raw=+5.485728e-05
[distance    ] point 10 value=56 rep=2 scheme=PS+GS                    I_AB=2.251666e-04 chi_BE=1.589252e-04 K_raw=+5.498300e-05
[distance    ] point 10 value=56 rep=3 scheme=Uniform QAM              I_AB=2.234123e-04 chi_BE=2.147553e-04 K_raw=-2.513588e-06
[distance    ] point 10 value=56 rep=3 scheme=Maxwell-Boltzmann QAM    I_AB=2.237694e-04 chi_BE=1.572061e-04 K_raw=+5.537484e-05
[distance    ] point 10 value=56 rep=3 scheme=Binomial QAM             I_AB=2.238716e-04 chi_BE=1.578969e-04 K_raw=+5.478110e-05
[distance    ] point 10 value=56 rep=3 scheme=GS                       I_AB=2.234123e-04 chi_BE=2.102603e-04 K_raw=+1.981400e-06
[distance    ] point 10 value=56 rep=3 scheme=PS                       I_AB=2.237694e-04 chi_BE=1.572061e-04 K_raw=+5.537484e-05
[distance    ] point 10 value=56 rep=3 scheme=PS+GS                    I_AB=2.237694e-04 chi_BE=1.570820e-04 K_raw=+5.549886e-05
[distance    ] point 10 value=56 rep=4 scheme=Uniform QAM              I_AB=2.460955e-04 chi_BE=2.361529e-04 K_raw=-2.362161e-06
[distance    ] point 10 value=56 rep=4 scheme=Maxwell-Boltzmann QAM    I_AB=2.461653e-04 chi_BE=1.730922e-04 K_raw=+6.076487e-05
[distance    ] point 10 value=56 rep=4 scheme=Binomial QAM             I_AB=2.462167e-04 chi_BE=1.738498e-04 K_raw=+6.005608e-05
[distance    ] point 10 value=56 rep=4 scheme=GS                       I_AB=2.460955e-04 chi_BE=2.312293e-04 K_raw=+2.561449e-06
[distance    ] point 10 value=56 rep=4 scheme=PS                       I_AB=2.461653e-04 chi_BE=1.730922e-04 K_raw=+6.076487e-05
[distance    ] point 10 value=56 rep=4 scheme=PS+GS                    I_AB=2.461654e-04 chi_BE=1.729561e-04 K_raw=+6.090096e-05
[distance    ] point 10 value=56 rep=5 scheme=Uniform QAM              I_AB=2.032386e-04 chi_BE=1.954487e-04 K_raw=-2.371948e-06
[distance    ] point 10 value=56 rep=5 scheme=Maxwell-Boltzmann QAM    I_AB=2.033625e-04 chi_BE=1.429243e-04 K_raw=+5.027002e-05
[distance    ] point 10 value=56 rep=5 scheme=Binomial QAM             I_AB=2.034099e-04 chi_BE=1.435544e-04 K_raw=+4.968504e-05
[distance    ] point 10 value=56 rep=5 scheme=GS                       I_AB=2.032387e-04 chi_BE=1.913449e-04 K_raw=+1.731866e-06
[distance    ] point 10 value=56 rep=5 scheme=PS                       I_AB=2.033625e-04 chi_BE=1.429243e-04 K_raw=+5.027002e-05
[distance    ] point 10 value=56 rep=5 scheme=PS+GS                    I_AB=2.033625e-04 chi_BE=1.428112e-04 K_raw=+5.038316e-05
[distance    ] point 11 value=60 rep=1 scheme=Uniform QAM              I_AB=1.387378e-04 chi_BE=1.350159e-04 K_raw=-3.214963e-06
[distance    ] point 11 value=60 rep=1 scheme=Maxwell-Boltzmann QAM    I_AB=1.389274e-04 chi_BE=9.788842e-05 K_raw=+3.409264e-05
[distance    ] point 11 value=60 rep=1 scheme=Binomial QAM             I_AB=1.389279e-04 chi_BE=9.833134e-05 K_raw=+3.365018e-05
[distance    ] point 11 value=60 rep=1 scheme=GS                       I_AB=1.387378e-04 chi_BE=1.321079e-04 K_raw=-3.069664e-07
[distance    ] point 11 value=60 rep=1 scheme=PS                       I_AB=1.389274e-04 chi_BE=9.788842e-05 K_raw=+3.409264e-05
[distance    ] point 11 value=60 rep=1 scheme=PS+GS                    I_AB=1.389275e-04 chi_BE=9.780891e-05 K_raw=+3.417217e-05
[distance    ] point 11 value=60 rep=2 scheme=Uniform QAM              I_AB=1.308754e-04 chi_BE=1.277147e-04 K_raw=-3.382994e-06
[distance    ] point 11 value=60 rep=2 scheme=Maxwell-Boltzmann QAM    I_AB=1.306344e-04 chi_BE=9.240759e-05 K_raw=+3.169509e-05
[distance    ] point 11 value=60 rep=2 scheme=Binomial QAM             I_AB=1.306173e-04 chi_BE=9.282827e-05 K_raw=+3.125813e-05
[distance    ] point 11 value=60 rep=2 scheme=GS                       I_AB=1.308754e-04 chi_BE=1.249477e-04 K_raw=-6.160503e-07
[distance    ] point 11 value=60 rep=2 scheme=PS                       I_AB=1.306344e-04 chi_BE=9.240759e-05 K_raw=+3.169509e-05
[distance    ] point 11 value=60 rep=2 scheme=PS+GS                    I_AB=1.306344e-04 chi_BE=9.233208e-05 K_raw=+3.177058e-05
[distance    ] point 11 value=60 rep=3 scheme=Uniform QAM              I_AB=1.324917e-04 chi_BE=1.288399e-04 K_raw=-2.972717e-06
[distance    ] point 11 value=60 rep=3 scheme=Maxwell-Boltzmann QAM    I_AB=1.324167e-04 chi_BE=9.344743e-05 K_raw=+3.234846e-05
[distance    ] point 11 value=60 rep=3 scheme=Binomial QAM             I_AB=1.323800e-04 chi_BE=9.386976e-05 K_raw=+3.189125e-05
[distance    ] point 11 value=60 rep=3 scheme=GS                       I_AB=1.324917e-04 chi_BE=1.260681e-04 K_raw=-2.009121e-07
[distance    ] point 11 value=60 rep=3 scheme=PS                       I_AB=1.324167e-04 chi_BE=9.344743e-05 K_raw=+3.234846e-05
[distance    ] point 11 value=60 rep=3 scheme=PS+GS                    I_AB=1.324167e-04 chi_BE=9.337162e-05 K_raw=+3.242427e-05
[distance    ] point 11 value=60 rep=4 scheme=Uniform QAM              I_AB=1.397215e-04 chi_BE=1.360349e-04 K_raw=-3.299432e-06
[distance    ] point 11 value=60 rep=4 scheme=Maxwell-Boltzmann QAM    I_AB=1.398806e-04 chi_BE=9.851722e-05 K_raw=+3.436931e-05
[distance    ] point 11 value=60 rep=4 scheme=Binomial QAM             I_AB=1.398929e-04 chi_BE=9.896449e-05 K_raw=+3.393380e-05
[distance    ] point 11 value=60 rep=4 scheme=GS                       I_AB=1.397215e-04 chi_BE=1.330954e-04 K_raw=-3.599719e-07
[distance    ] point 11 value=60 rep=4 scheme=PS                       I_AB=1.398806e-04 chi_BE=9.851722e-05 K_raw=+3.436931e-05
[distance    ] point 11 value=60 rep=4 scheme=PS+GS                    I_AB=1.398806e-04 chi_BE=9.843694e-05 K_raw=+3.444960e-05
[distance    ] point 11 value=60 rep=5 scheme=Uniform QAM              I_AB=1.230315e-04 chi_BE=1.201500e-04 K_raw=-3.270036e-06
[distance    ] point 11 value=60 rep=5 scheme=Maxwell-Boltzmann QAM    I_AB=1.231282e-04 chi_BE=8.685378e-05 K_raw=+3.011799e-05
[distance    ] point 11 value=60 rep=5 scheme=Binomial QAM             I_AB=1.231043e-04 chi_BE=8.725028e-05 K_raw=+2.969880e-05
[distance    ] point 11 value=60 rep=5 scheme=GS                       I_AB=1.230315e-04 chi_BE=1.175400e-04 K_raw=-6.600008e-07
[distance    ] point 11 value=60 rep=5 scheme=PS                       I_AB=1.231282e-04 chi_BE=8.685378e-05 K_raw=+3.011799e-05
[distance    ] point 11 value=60 rep=5 scheme=PS+GS                    I_AB=1.231282e-04 chi_BE=8.678262e-05 K_raw=+3.018918e-05
[distance    ] point 12 value=64 rep=1 scheme=Uniform QAM              I_AB=6.032160e-05 chi_BE=5.949274e-05 K_raw=-2.187222e-06
[distance    ] point 12 value=64 rep=1 scheme=Maxwell-Boltzmann QAM    I_AB=6.051483e-05 chi_BE=4.253606e-05 K_raw=+1.495303e-05
[distance    ] point 12 value=64 rep=1 scheme=Binomial QAM             I_AB=6.053691e-05 chi_BE=4.273667e-05 K_raw=+1.477339e-05
[distance    ] point 12 value=64 rep=1 scheme=GS                       I_AB=6.032160e-05 chi_BE=5.815968e-05 K_raw=-8.541631e-07
[distance    ] point 12 value=64 rep=1 scheme=PS                       I_AB=6.051483e-05 chi_BE=4.253606e-05 K_raw=+1.495303e-05
[distance    ] point 12 value=64 rep=1 scheme=PS+GS                    I_AB=6.051483e-05 chi_BE=4.250006e-05 K_raw=+1.498902e-05
[distance    ] point 12 value=64 rep=2 scheme=Uniform QAM              I_AB=8.335117e-05 chi_BE=8.213535e-05 K_raw=-2.951734e-06
[distance    ] point 12 value=64 rep=2 scheme=Maxwell-Boltzmann QAM    I_AB=8.326600e-05 chi_BE=5.878212e-05 K_raw=+2.032058e-05
[distance    ] point 12 value=64 rep=2 scheme=Binomial QAM             I_AB=8.323059e-05 chi_BE=5.905856e-05 K_raw=+2.001050e-05
[distance    ] point 12 value=64 rep=2 scheme=GS                       I_AB=8.335118e-05 chi_BE=8.029987e-05 K_raw=-1.116252e-06
[distance    ] point 12 value=64 rep=2 scheme=PS                       I_AB=8.326600e-05 chi_BE=5.878212e-05 K_raw=+2.032058e-05
[distance    ] point 12 value=64 rep=2 scheme=PS+GS                    I_AB=8.326599e-05 chi_BE=5.873252e-05 K_raw=+2.037017e-05
[distance    ] point 12 value=64 rep=3 scheme=Uniform QAM              I_AB=7.356552e-05 chi_BE=7.222780e-05 K_raw=-2.340553e-06
[distance    ] point 12 value=64 rep=3 scheme=Maxwell-Boltzmann QAM    I_AB=7.342034e-05 chi_BE=5.175532e-05 K_raw=+1.799400e-05
[distance    ] point 12 value=64 rep=3 scheme=Binomial QAM             I_AB=7.337039e-05 chi_BE=5.199784e-05 K_raw=+1.770404e-05
[distance    ] point 12 value=64 rep=3 scheme=GS                       I_AB=7.356552e-05 chi_BE=7.061924e-05 K_raw=-7.319960e-07
[distance    ] point 12 value=64 rep=3 scheme=PS                       I_AB=7.342034e-05 chi_BE=5.175532e-05 K_raw=+1.799400e-05
[distance    ] point 12 value=64 rep=3 scheme=PS+GS                    I_AB=7.342034e-05 chi_BE=5.171181e-05 K_raw=+1.803752e-05
[distance    ] point 12 value=64 rep=4 scheme=Uniform QAM              I_AB=5.708821e-05 chi_BE=5.647962e-05 K_raw=-2.245817e-06
[distance    ] point 12 value=64 rep=4 scheme=Maxwell-Boltzmann QAM    I_AB=5.709459e-05 chi_BE=4.028243e-05 K_raw=+1.395743e-05
[distance    ] point 12 value=64 rep=4 scheme=Binomial QAM             I_AB=5.708271e-05 chi_BE=4.047379e-05 K_raw=+1.375478e-05
[distance    ] point 12 value=64 rep=4 scheme=GS                       I_AB=5.708821e-05 chi_BE=5.520547e-05 K_raw=-9.716735e-07
[distance    ] point 12 value=64 rep=4 scheme=PS                       I_AB=5.709459e-05 chi_BE=4.028243e-05 K_raw=+1.395743e-05
[distance    ] point 12 value=64 rep=4 scheme=PS+GS                    I_AB=5.709459e-05 chi_BE=4.024810e-05 K_raw=+1.399176e-05
[distance    ] point 12 value=64 rep=5 scheme=Uniform QAM              I_AB=5.999336e-05 chi_BE=5.920898e-05 K_raw=-2.215293e-06
[distance    ] point 12 value=64 rep=5 scheme=Maxwell-Boltzmann QAM    I_AB=6.008329e-05 chi_BE=4.222780e-05 K_raw=+1.485132e-05
[distance    ] point 12 value=64 rep=5 scheme=Binomial QAM             I_AB=6.009982e-05 chi_BE=4.242842e-05 K_raw=+1.466641e-05
[distance    ] point 12 value=64 rep=5 scheme=GS                       I_AB=5.999336e-05 chi_BE=5.787315e-05 K_raw=-8.794623e-07
[distance    ] point 12 value=64 rep=5 scheme=PS                       I_AB=6.008329e-05 chi_BE=4.222780e-05 K_raw=+1.485132e-05
[distance    ] point 12 value=64 rep=5 scheme=PS+GS                    I_AB=6.008329e-05 chi_BE=4.219181e-05 K_raw=+1.488732e-05
[distance    ] point 13 value=68 rep=1 scheme=Uniform QAM              I_AB=4.589692e-05 chi_BE=4.564543e-05 K_raw=-2.043351e-06
[distance    ] point 13 value=68 rep=1 scheme=Maxwell-Boltzmann QAM    I_AB=4.585048e-05 chi_BE=3.236422e-05 K_raw=+1.119374e-05
[distance    ] point 13 value=68 rep=1 scheme=Binomial QAM             I_AB=4.582400e-05 chi_BE=3.252061e-05 K_raw=+1.101219e-05
[distance    ] point 13 value=68 rep=1 scheme=GS                       I_AB=4.589692e-05 chi_BE=4.459915e-05 K_raw=-9.970819e-07
[distance    ] point 13 value=68 rep=1 scheme=PS                       I_AB=4.585048e-05 chi_BE=3.236422e-05 K_raw=+1.119374e-05
[distance    ] point 13 value=68 rep=1 scheme=PS+GS                    I_AB=4.585047e-05 chi_BE=3.233617e-05 K_raw=+1.122178e-05
[distance    ] point 13 value=68 rep=2 scheme=Uniform QAM              I_AB=3.380875e-05 chi_BE=3.383582e-05 K_raw=-1.717507e-06
[distance    ] point 13 value=68 rep=2 scheme=Maxwell-Boltzmann QAM    I_AB=3.394621e-05 chi_BE=2.387869e-05 K_raw=+8.370216e-06
[distance    ] point 13 value=68 rep=2 scheme=Binomial QAM             I_AB=3.396642e-05 chi_BE=2.399564e-05 K_raw=+8.272459e-06
[distance    ] point 13 value=68 rep=2 scheme=GS                       I_AB=3.380875e-05 chi_BE=3.305053e-05 K_raw=-9.322262e-07
[distance    ] point 13 value=68 rep=2 scheme=PS                       I_AB=3.394621e-05 chi_BE=2.387869e-05 K_raw=+8.370216e-06
[distance    ] point 13 value=68 rep=2 scheme=PS+GS                    I_AB=3.394621e-05 chi_BE=2.385771e-05 K_raw=+8.391192e-06
[distance    ] point 13 value=68 rep=3 scheme=Uniform QAM              I_AB=4.116101e-05 chi_BE=4.104384e-05 K_raw=-1.940879e-06
[distance    ] point 13 value=68 rep=3 scheme=Maxwell-Boltzmann QAM    I_AB=4.110642e-05 chi_BE=2.904598e-05 K_raw=+1.000512e-05
[distance    ] point 13 value=68 rep=3 scheme=Binomial QAM             I_AB=4.110187e-05 chi_BE=2.918712e-05 K_raw=+9.859659e-06
[distance    ] point 13 value=68 rep=3 scheme=GS                       I_AB=4.116101e-05 chi_BE=4.009823e-05 K_raw=-9.952734e-07
[distance    ] point 13 value=68 rep=3 scheme=PS                       I_AB=4.110642e-05 chi_BE=2.904598e-05 K_raw=+1.000512e-05
[distance    ] point 13 value=68 rep=3 scheme=PS+GS                    I_AB=4.110642e-05 chi_BE=2.902067e-05 K_raw=+1.003043e-05
[distance    ] point 13 value=68 rep=4 scheme=Uniform QAM              I_AB=4.097932e-05 chi_BE=4.092150e-05 K_raw=-1.991145e-06
[distance    ] point 13 value=68 rep=4 scheme=Maxwell-Boltzmann QAM    I_AB=4.094531e-05 chi_BE=2.891927e-05 K_raw=+9.978767e-06
[distance    ] point 13 value=68 rep=4 scheme=Binomial QAM             I_AB=4.094666e-05 chi_BE=2.906035e-05 K_raw=+9.838973e-06
[distance    ] point 13 value=68 rep=4 scheme=GS                       I_AB=4.097932e-05 chi_BE=3.997524e-05 K_raw=-1.044880e-06
[distance    ] point 13 value=68 rep=4 scheme=PS                       I_AB=4.094531e-05 chi_BE=2.891927e-05 K_raw=+9.978767e-06
[distance    ] point 13 value=68 rep=4 scheme=PS+GS                    I_AB=4.094531e-05 chi_BE=2.889397e-05 K_raw=+1.000407e-05
[distance    ] point 13 value=68 rep=5 scheme=Uniform QAM              I_AB=4.307667e-05 chi_BE=4.287752e-05 K_raw=-1.954685e-06
[distance    ] point 13 value=68 rep=5 scheme=Maxwell-Boltzmann QAM    I_AB=4.306037e-05 chi_BE=3.038374e-05 K_raw=+1.052362e-05
[distance    ] point 13 value=68 rep=5 scheme=Binomial QAM             I_AB=4.305966e-05 chi_BE=3.053081e-05 K_raw=+1.037587e-05
[distance    ] point 13 value=68 rep=5 scheme=GS                       I_AB=4.307667e-05 chi_BE=4.189313e-05 K_raw=-9.702988e-07
[distance    ] point 13 value=68 rep=5 scheme=PS                       I_AB=4.306037e-05 chi_BE=3.038374e-05 K_raw=+1.052362e-05
[distance    ] point 13 value=68 rep=5 scheme=PS+GS                    I_AB=4.306038e-05 chi_BE=3.035736e-05 K_raw=+1.055000e-05
[distance    ] point 14 value=72 rep=1 scheme=Uniform QAM              I_AB=2.875469e-05 chi_BE=2.895163e-05 K_raw=-1.634673e-06
[distance    ] point 14 value=72 rep=1 scheme=Maxwell-Boltzmann QAM    I_AB=2.869836e-05 chi_BE=2.027579e-05 K_raw=+6.987660e-06
[distance    ] point 14 value=72 rep=1 scheme=Binomial QAM             I_AB=2.868076e-05 chi_BE=2.037728e-05 K_raw=+6.869436e-06
[distance    ] point 14 value=72 rep=1 scheme=GS                       I_AB=2.875469e-05 chi_BE=2.826620e-05 K_raw=-9.492396e-07
[distance    ] point 14 value=72 rep=1 scheme=PS                       I_AB=2.869836e-05 chi_BE=2.027579e-05 K_raw=+6.987660e-06
[distance    ] point 14 value=72 rep=1 scheme=PS+GS                    I_AB=2.869836e-05 chi_BE=2.025759e-05 K_raw=+7.005857e-06
[distance    ] point 14 value=72 rep=2 scheme=Uniform QAM              I_AB=2.542506e-05 chi_BE=2.567566e-05 K_raw=-1.521850e-06
[distance    ] point 14 value=72 rep=2 scheme=Maxwell-Boltzmann QAM    I_AB=2.544111e-05 chi_BE=1.797160e-05 K_raw=+6.197448e-06
[distance    ] point 14 value=72 rep=2 scheme=Binomial QAM             I_AB=2.544353e-05 chi_BE=1.806171e-05 K_raw=+6.109645e-06
[distance    ] point 14 value=72 rep=2 scheme=GS                       I_AB=2.542507e-05 chi_BE=2.506693e-05 K_raw=-9.131159e-07
[distance    ] point 14 value=72 rep=2 scheme=PS                       I_AB=2.544111e-05 chi_BE=1.797160e-05 K_raw=+6.197448e-06
[distance    ] point 14 value=72 rep=2 scheme=PS+GS                    I_AB=2.544111e-05 chi_BE=1.795545e-05 K_raw=+6.213607e-06
[distance    ] point 14 value=72 rep=3 scheme=Uniform QAM              I_AB=1.990686e-05 chi_BE=2.004049e-05 K_raw=-1.128973e-06
[distance    ] point 14 value=72 rep=3 scheme=Maxwell-Boltzmann QAM    I_AB=1.994082e-05 chi_BE=1.405830e-05 K_raw=+4.885484e-06
[distance    ] point 14 value=72 rep=3 scheme=Binomial QAM             I_AB=1.995451e-05 chi_BE=1.412834e-05 K_raw=+4.828445e-06
[distance    ] point 14 value=72 rep=3 scheme=GS                       I_AB=1.990686e-05 chi_BE=1.956804e-05 K_raw=-6.565256e-07
[distance    ] point 14 value=72 rep=3 scheme=PS                       I_AB=1.994082e-05 chi_BE=1.405830e-05 K_raw=+4.885484e-06
[distance    ] point 14 value=72 rep=3 scheme=PS+GS                    I_AB=1.994082e-05 chi_BE=1.404574e-05 K_raw=+4.898043e-06
[distance    ] point 14 value=72 rep=4 scheme=Uniform QAM              I_AB=2.944245e-05 chi_BE=2.961784e-05 K_raw=-1.647507e-06
[distance    ] point 14 value=72 rep=4 scheme=Maxwell-Boltzmann QAM    I_AB=2.948100e-05 chi_BE=2.078213e-05 K_raw=+7.224816e-06
[distance    ] point 14 value=72 rep=4 scheme=Binomial QAM             I_AB=2.948658e-05 chi_BE=2.088560e-05 K_raw=+7.126648e-06
[distance    ] point 14 value=72 rep=4 scheme=GS                       I_AB=2.944245e-05 chi_BE=2.892007e-05 K_raw=-9.497477e-07
[distance    ] point 14 value=72 rep=4 scheme=PS                       I_AB=2.948100e-05 chi_BE=2.078213e-05 K_raw=+7.224816e-06
[distance    ] point 14 value=72 rep=4 scheme=PS+GS                    I_AB=2.948099e-05 chi_BE=2.076358e-05 K_raw=+7.243366e-06
[distance    ] point 14 value=72 rep=5 scheme=Uniform QAM              I_AB=2.363138e-05 chi_BE=2.384085e-05 K_raw=-1.391039e-06
[distance    ] point 14 value=72 rep=5 scheme=Maxwell-Boltzmann QAM    I_AB=2.360237e-05 chi_BE=1.668462e-05 K_raw=+5.737628e-06
[distance    ] point 14 value=72 rep=5 scheme=Binomial QAM             I_AB=2.359777e-05 chi_BE=1.676831e-05 K_raw=+5.649566e-06
[distance    ] point 14 value=72 rep=5 scheme=GS                       I_AB=2.363138e-05 chi_BE=2.327539e-05 K_raw=-8.255737e-07
[distance    ] point 14 value=72 rep=5 scheme=PS                       I_AB=2.360237e-05 chi_BE=1.668462e-05 K_raw=+5.737628e-06
[distance    ] point 14 value=72 rep=5 scheme=PS+GS                    I_AB=2.360237e-05 chi_BE=1.666962e-05 K_raw=+5.752633e-06
[distance    ] point 15 value=76 rep=1 scheme=Uniform QAM              I_AB=1.399037e-05 chi_BE=1.426735e-05 K_raw=-9.764949e-07
[distance    ] point 15 value=76 rep=1 scheme=Maxwell-Boltzmann QAM    I_AB=1.397742e-05 chi_BE=9.862630e-06 K_raw=+3.415917e-06
[distance    ] point 15 value=76 rep=1 scheme=Binomial QAM             I_AB=1.397822e-05 chi_BE=9.913828e-06 K_raw=+3.365484e-06
[distance    ] point 15 value=76 rep=1 scheme=GS                       I_AB=1.399037e-05 chi_BE=1.391838e-05 K_raw=-6.275234e-07
[distance    ] point 15 value=76 rep=1 scheme=PS                       I_AB=1.397742e-05 chi_BE=9.862630e-06 K_raw=+3.415917e-06
[distance    ] point 15 value=76 rep=1 scheme=PS+GS                    I_AB=1.397742e-05 chi_BE=9.853454e-06 K_raw=+3.425092e-06
[distance    ] point 15 value=76 rep=2 scheme=Uniform QAM              I_AB=1.315020e-05 chi_BE=1.344043e-05 K_raw=-9.477374e-07
[distance    ] point 15 value=76 rep=2 scheme=Maxwell-Boltzmann QAM    I_AB=1.315484e-05 chi_BE=9.298380e-06 K_raw=+3.198716e-06
[distance    ] point 15 value=76 rep=2 scheme=Binomial QAM             I_AB=1.315631e-05 chi_BE=9.346543e-06 K_raw=+3.151948e-06
[distance    ] point 15 value=76 rep=2 scheme=GS                       I_AB=1.315020e-05 chi_BE=1.311232e-05 K_raw=-6.196296e-07
[distance    ] point 15 value=76 rep=2 scheme=PS                       I_AB=1.315484e-05 chi_BE=9.298380e-06 K_raw=+3.198716e-06
[distance    ] point 15 value=76 rep=2 scheme=PS+GS                    I_AB=1.315484e-05 chi_BE=9.289747e-06 K_raw=+3.207349e-06
[distance    ] point 15 value=76 rep=3 scheme=Uniform QAM              I_AB=1.309874e-05 chi_BE=1.337779e-05 K_raw=-9.339933e-07
[distance    ] point 15 value=76 rep=3 scheme=Maxwell-Boltzmann QAM    I_AB=1.315705e-05 chi_BE=9.248972e-06 K_raw=+3.250226e-06
[distance    ] point 15 value=76 rep=3 scheme=Binomial QAM             I_AB=1.316471e-05 chi_BE=9.296966e-06 K_raw=+3.209512e-06
[distance    ] point 15 value=76 rep=3 scheme=GS                       I_AB=1.309874e-05 chi_BE=1.305069e-05 K_raw=-6.068885e-07
[distance    ] point 15 value=76 rep=3 scheme=PS                       I_AB=1.315705e-05 chi_BE=9.248972e-06 K_raw=+3.250226e-06
[distance    ] point 15 value=76 rep=3 scheme=PS+GS                    I_AB=1.315705e-05 chi_BE=9.240370e-06 K_raw=+3.258828e-06
[distance    ] point 15 value=76 rep=4 scheme=Uniform QAM              I_AB=1.214841e-05 chi_BE=1.241198e-05 K_raw=-8.709927e-07
[distance    ] point 15 value=76 rep=4 scheme=Maxwell-Boltzmann QAM    I_AB=1.214717e-05 chi_BE=8.591364e-06 K_raw=+2.948449e-06
[distance    ] point 15 value=76 rep=4 scheme=Binomial QAM             I_AB=1.214431e-05 chi_BE=8.635801e-06 K_raw=+2.901289e-06
[distance    ] point 15 value=76 rep=4 scheme=GS                       I_AB=1.214840e-05 chi_BE=1.210937e-05 K_raw=-5.683826e-07
[distance    ] point 15 value=76 rep=4 scheme=PS                       I_AB=1.214717e-05 chi_BE=8.591364e-06 K_raw=+2.948449e-06
[distance    ] point 15 value=76 rep=4 scheme=PS+GS                    I_AB=1.214717e-05 chi_BE=8.583400e-06 K_raw=+2.956414e-06
[distance    ] point 15 value=76 rep=5 scheme=Uniform QAM              I_AB=1.194053e-05 chi_BE=1.219325e-05 K_raw=-8.497512e-07
[distance    ] point 15 value=76 rep=5 scheme=Maxwell-Boltzmann QAM    I_AB=1.194995e-05 chi_BE=8.441154e-06 K_raw=+2.911302e-06
[distance    ] point 15 value=76 rep=5 scheme=Binomial QAM             I_AB=1.194866e-05 chi_BE=8.484797e-06 K_raw=+2.866429e-06
[distance    ] point 15 value=76 rep=5 scheme=GS                       I_AB=1.194053e-05 chi_BE=1.189608e-05 K_raw=-5.525756e-07
[distance    ] point 15 value=76 rep=5 scheme=PS                       I_AB=1.194995e-05 chi_BE=8.441154e-06 K_raw=+2.911302e-06
[distance    ] point 15 value=76 rep=5 scheme=PS+GS                    I_AB=1.194995e-05 chi_BE=8.433332e-06 K_raw=+2.919124e-06
[distance    ] point 16 value=80 rep=1 scheme=Uniform QAM              I_AB=7.254369e-06 chi_BE=7.498503e-06 K_raw=-6.068523e-07
[distance    ] point 16 value=80 rep=1 scheme=Maxwell-Boltzmann QAM    I_AB=7.248194e-06 chi_BE=5.123789e-06 K_raw=+1.761995e-06
[distance    ] point 16 value=80 rep=1 scheme=Binomial QAM             I_AB=7.248264e-06 chi_BE=5.151243e-06 K_raw=+1.734608e-06
[distance    ] point 16 value=80 rep=1 scheme=GS                       I_AB=7.254368e-06 chi_BE=7.309924e-06 K_raw=-4.182741e-07
[distance    ] point 16 value=80 rep=1 scheme=PS                       I_AB=7.248194e-06 chi_BE=5.123789e-06 K_raw=+1.761995e-06
[distance    ] point 16 value=80 rep=1 scheme=PS+GS                    I_AB=7.248194e-06 chi_BE=5.118870e-06 K_raw=+1.766914e-06
[distance    ] point 16 value=80 rep=2 scheme=Uniform QAM              I_AB=9.361748e-06 chi_BE=9.638409e-06 K_raw=-7.447492e-07
[distance    ] point 16 value=80 rep=2 scheme=Maxwell-Boltzmann QAM    I_AB=9.347133e-06 chi_BE=6.613856e-06 K_raw=+2.265920e-06
[distance    ] point 16 value=80 rep=2 scheme=Binomial QAM             I_AB=9.341354e-06 chi_BE=6.648890e-06 K_raw=+2.225396e-06
[distance    ] point 16 value=80 rep=2 scheme=GS                       I_AB=9.361747e-06 chi_BE=9.398425e-06 K_raw=-5.047652e-07
[distance    ] point 16 value=80 rep=2 scheme=PS                       I_AB=9.347133e-06 chi_BE=6.613856e-06 K_raw=+2.265920e-06
[distance    ] point 16 value=80 rep=2 scheme=PS+GS                    I_AB=9.347134e-06 chi_BE=6.607579e-06 K_raw=+2.272199e-06
[distance    ] point 16 value=80 rep=3 scheme=Uniform QAM              I_AB=7.904708e-06 chi_BE=8.131433e-06 K_raw=-6.219602e-07
[distance    ] point 16 value=80 rep=3 scheme=Maxwell-Boltzmann QAM    I_AB=7.897647e-06 chi_BE=5.577667e-06 K_raw=+1.925098e-06
[distance    ] point 16 value=80 rep=3 scheme=Binomial QAM             I_AB=7.896002e-06 chi_BE=5.607243e-06 K_raw=+1.893959e-06
[distance    ] point 16 value=80 rep=3 scheme=GS                       I_AB=7.904707e-06 chi_BE=7.928788e-06 K_raw=-4.193169e-07
[distance    ] point 16 value=80 rep=3 scheme=PS                       I_AB=7.897647e-06 chi_BE=5.577667e-06 K_raw=+1.925098e-06
[distance    ] point 16 value=80 rep=3 scheme=PS+GS                    I_AB=7.897646e-06 chi_BE=5.572367e-06 K_raw=+1.930397e-06
[distance    ] point 16 value=80 rep=4 scheme=Uniform QAM              I_AB=7.867139e-06 chi_BE=8.115560e-06 K_raw=-6.417778e-07
[distance    ] point 16 value=80 rep=4 scheme=Maxwell-Boltzmann QAM    I_AB=7.862999e-06 chi_BE=5.559545e-06 K_raw=+1.910304e-06
[distance    ] point 16 value=80 rep=4 scheme=Binomial QAM             I_AB=7.862634e-06 chi_BE=5.589129e-06 K_raw=+1.880373e-06
[distance    ] point 16 value=80 rep=4 scheme=GS                       I_AB=7.867140e-06 chi_BE=7.912685e-06 K_raw=-4.389022e-07
[distance    ] point 16 value=80 rep=4 scheme=PS                       I_AB=7.862999e-06 chi_BE=5.559545e-06 K_raw=+1.910304e-06
[distance    ] point 16 value=80 rep=4 scheme=PS+GS                    I_AB=7.863000e-06 chi_BE=5.554244e-06 K_raw=+1.915606e-06
[distance    ] point 16 value=80 rep=5 scheme=Uniform QAM              I_AB=9.765703e-06 chi_BE=1.003430e-05 K_raw=-7.568844e-07
[distance    ] point 16 value=80 rep=5 scheme=Maxwell-Boltzmann QAM    I_AB=9.763501e-06 chi_BE=6.889983e-06 K_raw=+2.385342e-06
[distance    ] point 16 value=80 rep=5 scheme=Binomial QAM             I_AB=9.763355e-06 chi_BE=6.926415e-06 K_raw=+2.348772e-06
[distance    ] point 16 value=80 rep=5 scheme=GS                       I_AB=9.765702e-06 chi_BE=9.784848e-06 K_raw=-5.074303e-07
[distance    ] point 16 value=80 rep=5 scheme=PS                       I_AB=9.763501e-06 chi_BE=6.889983e-06 K_raw=+2.385342e-06
[distance    ] point 16 value=80 rep=5 scheme=PS+GS                    I_AB=9.763500e-06 chi_BE=6.883455e-06 K_raw=+2.391870e-06
[distance    ] point 17 value=84 rep=1 scheme=Uniform QAM              I_AB=4.339949e-06 chi_BE=4.531745e-06 K_raw=-4.087933e-07
[distance    ] point 17 value=84 rep=1 scheme=Maxwell-Boltzmann QAM    I_AB=4.332589e-06 chi_BE=3.065095e-06 K_raw=+1.050864e-06
[distance    ] point 17 value=84 rep=1 scheme=Binomial QAM             I_AB=4.330576e-06 chi_BE=3.081975e-06 K_raw=+1.032073e-06
[distance    ] point 17 value=84 rep=1 scheme=GS                       I_AB=4.339949e-06 chi_BE=4.415051e-06 K_raw=-2.921000e-07
[distance    ] point 17 value=84 rep=1 scheme=PS                       I_AB=4.332589e-06 chi_BE=3.065095e-06 K_raw=+1.050864e-06
[distance    ] point 17 value=84 rep=1 scheme=PS+GS                    I_AB=4.332588e-06 chi_BE=3.062072e-06 K_raw=+1.053887e-06
[distance    ] point 17 value=84 rep=2 scheme=Uniform QAM              I_AB=5.113392e-06 chi_BE=5.312770e-06 K_raw=-4.550472e-07
[distance    ] point 17 value=84 rep=2 scheme=Maxwell-Boltzmann QAM    I_AB=5.128089e-06 chi_BE=3.613502e-06 K_raw=+1.258183e-06
[distance    ] point 17 value=84 rep=2 scheme=Binomial QAM             I_AB=5.128400e-06 chi_BE=3.633106e-06 K_raw=+1.238874e-06
[distance    ] point 17 value=84 rep=2 scheme=GS                       I_AB=5.113392e-06 chi_BE=5.177709e-06 K_raw=-3.199866e-07
[distance    ] point 17 value=84 rep=2 scheme=PS                       I_AB=5.128089e-06 chi_BE=3.613502e-06 K_raw=+1.258183e-06
[distance    ] point 17 value=84 rep=2 scheme=PS+GS                    I_AB=5.128089e-06 chi_BE=3.609989e-06 K_raw=+1.261695e-06
[distance    ] point 17 value=84 rep=3 scheme=Uniform QAM              I_AB=3.391273e-06 chi_BE=3.545427e-06 K_raw=-3.237180e-07
[distance    ] point 17 value=84 rep=3 scheme=Maxwell-Boltzmann QAM    I_AB=3.392782e-06 chi_BE=2.396346e-06 K_raw=+8.267969e-07
[distance    ] point 17 value=84 rep=3 scheme=Binomial QAM             I_AB=3.392158e-06 chi_BE=2.409566e-06 K_raw=+8.129842e-07
[distance    ] point 17 value=84 rep=3 scheme=GS                       I_AB=3.391273e-06 chi_BE=3.453990e-06 K_raw=-2.322799e-07
[distance    ] point 17 value=84 rep=3 scheme=PS                       I_AB=3.392782e-06 chi_BE=2.396346e-06 K_raw=+8.267969e-07
[distance    ] point 17 value=84 rep=3 scheme=PS+GS                    I_AB=3.392782e-06 chi_BE=2.393978e-06 K_raw=+8.291650e-07
[distance    ] point 17 value=84 rep=4 scheme=Uniform QAM              I_AB=5.335552e-06 chi_BE=5.570139e-06 K_raw=-5.013637e-07
[distance    ] point 17 value=84 rep=4 scheme=Maxwell-Boltzmann QAM    I_AB=5.323494e-06 chi_BE=3.777703e-06 K_raw=+1.279616e-06
[distance    ] point 17 value=84 rep=4 scheme=Binomial QAM             I_AB=5.323047e-06 chi_BE=3.798356e-06 K_raw=+1.258539e-06
[distance    ] point 17 value=84 rep=4 scheme=GS                       I_AB=5.335552e-06 chi_BE=5.427596e-06 K_raw=-3.588213e-07
[distance    ] point 17 value=84 rep=4 scheme=PS                       I_AB=5.323494e-06 chi_BE=3.777703e-06 K_raw=+1.279616e-06
[distance    ] point 17 value=84 rep=4 scheme=PS+GS                    I_AB=5.323494e-06 chi_BE=3.774003e-06 K_raw=+1.283316e-06
[distance    ] point 17 value=84 rep=5 scheme=Uniform QAM              I_AB=4.896258e-06 chi_BE=5.100990e-06 K_raw=-4.495453e-07
[distance    ] point 17 value=84 rep=5 scheme=Maxwell-Boltzmann QAM    I_AB=4.894915e-06 chi_BE=3.460938e-06 K_raw=+1.189231e-06
[distance    ] point 17 value=84 rep=5 scheme=Binomial QAM             I_AB=4.895617e-06 chi_BE=3.479838e-06 K_raw=+1.170998e-06
[distance    ] point 17 value=84 rep=5 scheme=GS                       I_AB=4.896258e-06 chi_BE=4.970576e-06 K_raw=-3.191305e-07
[distance    ] point 17 value=84 rep=5 scheme=PS                       I_AB=4.894915e-06 chi_BE=3.460938e-06 K_raw=+1.189231e-06
[distance    ] point 17 value=84 rep=5 scheme=PS+GS                    I_AB=4.894915e-06 chi_BE=3.457552e-06 K_raw=+1.192618e-06
[distance    ] point 18 value=88 rep=1 scheme=Uniform QAM              I_AB=2.609889e-06 chi_BE=2.747594e-06 K_raw=-2.681998e-07
[distance    ] point 18 value=88 rep=1 scheme=Maxwell-Boltzmann QAM    I_AB=2.609817e-06 chi_BE=1.843967e-06 K_raw=+6.353596e-07
[distance    ] point 18 value=88 rep=1 scheme=Binomial QAM             I_AB=2.609609e-06 chi_BE=1.854332e-06 K_raw=+6.247964e-07
[distance    ] point 18 value=88 rep=1 scheme=GS                       I_AB=2.609889e-06 chi_BE=2.675597e-06 K_raw=-1.962023e-07
[distance    ] point 18 value=88 rep=1 scheme=PS                       I_AB=2.609817e-06 chi_BE=1.843967e-06 K_raw=+6.353596e-07
[distance    ] point 18 value=88 rep=1 scheme=PS+GS                    I_AB=2.609817e-06 chi_BE=1.842111e-06 K_raw=+6.372159e-07
[distance    ] point 18 value=88 rep=2 scheme=Uniform QAM              I_AB=2.737039e-06 chi_BE=2.883913e-06 K_raw=-2.837263e-07
[distance    ] point 18 value=88 rep=2 scheme=Maxwell-Boltzmann QAM    I_AB=2.738888e-06 chi_BE=1.936373e-06 K_raw=+6.655711e-07
[distance    ] point 18 value=88 rep=2 scheme=Binomial QAM             I_AB=2.739516e-06 chi_BE=1.947244e-06 K_raw=+6.552962e-07
[distance    ] point 18 value=88 rep=2 scheme=GS                       I_AB=2.737039e-06 chi_BE=2.808423e-06 K_raw=-2.082366e-07
[distance    ] point 18 value=88 rep=2 scheme=PS                       I_AB=2.738888e-06 chi_BE=1.936373e-06 K_raw=+6.655711e-07
[distance    ] point 18 value=88 rep=2 scheme=PS+GS                    I_AB=2.738888e-06 chi_BE=1.934426e-06 K_raw=+6.675178e-07
[distance    ] point 18 value=88 rep=3 scheme=Uniform QAM              I_AB=1.854694e-06 chi_BE=1.962565e-06 K_raw=-2.006061e-07
[distance    ] point 18 value=88 rep=3 scheme=Maxwell-Boltzmann QAM    I_AB=1.863786e-06 chi_BE=1.310269e-06 K_raw=+4.603276e-07
[distance    ] point 18 value=88 rep=3 scheme=Binomial QAM             I_AB=1.865821e-06 chi_BE=1.317735e-06 K_raw=+4.547947e-07
[distance    ] point 18 value=88 rep=3 scheme=GS                       I_AB=1.854694e-06 chi_BE=1.910546e-06 K_raw=-1.485865e-07
[distance    ] point 18 value=88 rep=3 scheme=PS                       I_AB=1.863786e-06 chi_BE=1.310269e-06 K_raw=+4.603276e-07
[distance    ] point 18 value=88 rep=3 scheme=PS+GS                    I_AB=1.863786e-06 chi_BE=1.308932e-06 K_raw=+4.616644e-07
[distance    ] point 18 value=88 rep=4 scheme=Uniform QAM              I_AB=2.211384e-06 chi_BE=2.335904e-06 K_raw=-2.350891e-07
[distance    ] point 18 value=88 rep=4 scheme=Maxwell-Boltzmann QAM    I_AB=2.207516e-06 chi_BE=1.563073e-06 K_raw=+5.340667e-07
[distance    ] point 18 value=88 rep=4 scheme=Binomial QAM             I_AB=2.207542e-06 chi_BE=1.571927e-06 K_raw=+5.252373e-07
[distance    ] point 18 value=88 rep=4 scheme=GS                       I_AB=2.211384e-06 chi_BE=2.274297e-06 K_raw=-1.734816e-07
[distance    ] point 18 value=88 rep=4 scheme=PS                       I_AB=2.207516e-06 chi_BE=1.563073e-06 K_raw=+5.340667e-07
[distance    ] point 18 value=88 rep=4 scheme=PS+GS                    I_AB=2.207515e-06 chi_BE=1.561487e-06 K_raw=+5.356521e-07
[distance    ] point 18 value=88 rep=5 scheme=Uniform QAM              I_AB=2.624385e-06 chi_BE=2.755645e-06 K_raw=-2.624793e-07
[distance    ] point 18 value=88 rep=5 scheme=Maxwell-Boltzmann QAM    I_AB=2.626673e-06 chi_BE=1.852823e-06 K_raw=+6.425161e-07
[distance    ] point 18 value=88 rep=5 scheme=Binomial QAM             I_AB=2.627182e-06 chi_BE=1.863188e-06 K_raw=+6.326355e-07
[distance    ] point 18 value=88 rep=5 scheme=GS                       I_AB=2.624385e-06 chi_BE=2.683736e-06 K_raw=-1.905697e-07
[distance    ] point 18 value=88 rep=5 scheme=PS                       I_AB=2.626673e-06 chi_BE=1.852823e-06 K_raw=+6.425161e-07
[distance    ] point 18 value=88 rep=5 scheme=PS+GS                    I_AB=2.626674e-06 chi_BE=1.850967e-06 K_raw=+6.443730e-07
[distance    ] point 19 value=92 rep=1 scheme=Uniform QAM              I_AB=1.480754e-06 chi_BE=1.580780e-06 K_raw=-1.740640e-07
[distance    ] point 19 value=92 rep=1 scheme=Maxwell-Boltzmann QAM    I_AB=1.479193e-06 chi_BE=1.047770e-06 K_raw=+3.574626e-07
[distance    ] point 19 value=92 rep=1 scheme=Binomial QAM             I_AB=1.478816e-06 chi_BE=1.053854e-06 K_raw=+3.510217e-07
[distance    ] point 19 value=92 rep=1 scheme=GS                       I_AB=1.480754e-06 chi_BE=1.538222e-06 K_raw=-1.315055e-07
[distance    ] point 19 value=92 rep=1 scheme=PS                       I_AB=1.479193e-06 chi_BE=1.047770e-06 K_raw=+3.574626e-07
[distance    ] point 19 value=92 rep=1 scheme=PS+GS                    I_AB=1.479193e-06 chi_BE=1.046681e-06 K_raw=+3.585518e-07
[distance    ] point 19 value=92 rep=2 scheme=Uniform QAM              I_AB=1.497679e-06 chi_BE=1.597024e-06 K_raw=-1.742284e-07
[distance    ] point 19 value=92 rep=2 scheme=Maxwell-Boltzmann QAM    I_AB=1.502465e-06 chi_BE=1.059851e-06 K_raw=+3.674908e-07
[distance    ] point 19 value=92 rep=2 scheme=Binomial QAM             I_AB=1.503489e-06 chi_BE=1.065985e-06 K_raw=+3.623292e-07
[distance    ] point 19 value=92 rep=2 scheme=GS                       I_AB=1.497679e-06 chi_BE=1.554142e-06 K_raw=-1.313464e-07
[distance    ] point 19 value=92 rep=2 scheme=PS                       I_AB=1.502465e-06 chi_BE=1.059851e-06 K_raw=+3.674908e-07
[distance    ] point 19 value=92 rep=2 scheme=PS+GS                    I_AB=1.502465e-06 chi_BE=1.058753e-06 K_raw=+3.685889e-07
[distance    ] point 19 value=92 rep=3 scheme=Uniform QAM              I_AB=1.129768e-06 chi_BE=1.206080e-06 K_raw=-1.327996e-07
[distance    ] point 19 value=92 rep=3 scheme=Maxwell-Boltzmann QAM    I_AB=1.133081e-06 chi_BE=7.994496e-07 K_raw=+2.769771e-07
[distance    ] point 19 value=92 rep=3 scheme=Binomial QAM             I_AB=1.133844e-06 chi_BE=8.040907e-07 K_raw=+2.730615e-07
[distance    ] point 19 value=92 rep=3 scheme=GS                       I_AB=1.129768e-06 chi_BE=1.173612e-06 K_raw=-1.003323e-07
[distance    ] point 19 value=92 rep=3 scheme=PS                       I_AB=1.133081e-06 chi_BE=7.994496e-07 K_raw=+2.769771e-07
[distance    ] point 19 value=92 rep=3 scheme=PS+GS                    I_AB=1.133081e-06 chi_BE=7.986187e-07 K_raw=+2.778082e-07
[distance    ] point 19 value=92 rep=4 scheme=Uniform QAM              I_AB=1.303374e-06 chi_BE=1.386124e-06 K_raw=-1.479185e-07
[distance    ] point 19 value=92 rep=4 scheme=Maxwell-Boltzmann QAM    I_AB=1.304320e-06 chi_BE=9.209741e-07 K_raw=+3.181301e-07
[distance    ] point 19 value=92 rep=4 scheme=Binomial QAM             I_AB=1.304285e-06 chi_BE=9.262881e-07 K_raw=+3.127822e-07
[distance    ] point 19 value=92 rep=4 scheme=GS                       I_AB=1.303374e-06 chi_BE=1.348999e-06 K_raw=-1.107933e-07
[distance    ] point 19 value=92 rep=4 scheme=PS                       I_AB=1.304320e-06 chi_BE=9.209741e-07 K_raw=+3.181301e-07
[distance    ] point 19 value=92 rep=4 scheme=PS+GS                    I_AB=1.304320e-06 chi_BE=9.200227e-07 K_raw=+3.190816e-07
[distance    ] point 19 value=92 rep=5 scheme=Uniform QAM              I_AB=1.343427e-06 chi_BE=1.430846e-06 K_raw=-1.545909e-07
[distance    ] point 19 value=92 rep=5 scheme=Maxwell-Boltzmann QAM    I_AB=1.349536e-06 chi_BE=9.489321e-07 K_raw=+3.331271e-07
[distance    ] point 19 value=92 rep=5 scheme=Binomial QAM             I_AB=1.351317e-06 chi_BE=9.544336e-07 K_raw=+3.293177e-07
[distance    ] point 19 value=92 rep=5 scheme=GS                       I_AB=1.343427e-06 chi_BE=1.392371e-06 K_raw=-1.161158e-07
[distance    ] point 19 value=92 rep=5 scheme=PS                       I_AB=1.349536e-06 chi_BE=9.489321e-07 K_raw=+3.331271e-07
[distance    ] point 19 value=92 rep=5 scheme=PS+GS                    I_AB=1.349536e-06 chi_BE=9.479471e-07 K_raw=+3.341121e-07
[distance    ] point 20 value=96 rep=1 scheme=Uniform QAM              I_AB=7.138023e-07 chi_BE=7.717558e-07 K_raw=-9.364363e-08
[distance    ] point 20 value=96 rep=1 scheme=Maxwell-Boltzmann QAM    I_AB=7.145610e-07 chi_BE=5.056434e-07 K_raw=+1.731895e-07
[distance    ] point 20 value=96 rep=1 scheme=Binomial QAM             I_AB=7.146502e-07 chi_BE=5.086672e-07 K_raw=+1.702504e-07
[distance    ] point 20 value=96 rep=1 scheme=GS                       I_AB=7.138023e-07 chi_BE=7.504684e-07 K_raw=-7.235624e-08
[distance    ] point 20 value=96 rep=1 scheme=PS                       I_AB=7.145610e-07 chi_BE=5.056434e-07 K_raw=+1.731895e-07
[distance    ] point 20 value=96 rep=1 scheme=PS+GS                    I_AB=7.145609e-07 chi_BE=5.051022e-07 K_raw=+1.737307e-07
[distance    ] point 20 value=96 rep=2 scheme=Uniform QAM              I_AB=7.319021e-07 chi_BE=7.906885e-07 K_raw=-9.538151e-08
[distance    ] point 20 value=96 rep=2 scheme=Maxwell-Boltzmann QAM    I_AB=7.328179e-07 chi_BE=5.182116e-07 K_raw=+1.779653e-07
[distance    ] point 20 value=96 rep=2 scheme=Binomial QAM             I_AB=7.329532e-07 chi_BE=5.213081e-07 K_raw=+1.749974e-07
[distance    ] point 20 value=96 rep=2 scheme=GS                       I_AB=7.319021e-07 chi_BE=7.688931e-07 K_raw=-7.358609e-08
[distance    ] point 20 value=96 rep=2 scheme=PS                       I_AB=7.328179e-07 chi_BE=5.182116e-07 K_raw=+1.779653e-07
[distance    ] point 20 value=96 rep=2 scheme=PS+GS                    I_AB=7.328179e-07 chi_BE=5.176574e-07 K_raw=+1.785196e-07
[distance    ] point 20 value=96 rep=3 scheme=Uniform QAM              I_AB=9.770269e-07 chi_BE=1.053475e-06 K_raw=-1.252997e-07
[distance    ] point 20 value=96 rep=3 scheme=Maxwell-Boltzmann QAM    I_AB=9.760415e-07 chi_BE=6.927610e-07 K_raw=+2.344784e-07
[distance    ] point 20 value=96 rep=3 scheme=Binomial QAM             I_AB=9.765637e-07 chi_BE=6.968654e-07 K_raw=+2.308701e-07
[distance    ] point 20 value=96 rep=3 scheme=GS                       I_AB=9.770270e-07 chi_BE=1.024637e-06 K_raw=-9.646137e-08
[distance    ] point 20 value=96 rep=3 scheme=PS                       I_AB=9.760415e-07 chi_BE=6.927610e-07 K_raw=+2.344784e-07
[distance    ] point 20 value=96 rep=3 scheme=PS+GS                    I_AB=9.760414e-07 chi_BE=6.920263e-07 K_raw=+2.352131e-07
[distance    ] point 20 value=96 rep=4 scheme=Uniform QAM              I_AB=9.687147e-07 chi_BE=1.042535e-06 K_raw=-1.222556e-07
[distance    ] point 20 value=96 rep=4 scheme=Maxwell-Boltzmann QAM    I_AB=9.700811e-07 chi_BE=6.847206e-07 K_raw=+2.368565e-07
[distance    ] point 20 value=96 rep=4 scheme=Binomial QAM             I_AB=9.708179e-07 chi_BE=6.887901e-07 K_raw=+2.334870e-07
[distance    ] point 20 value=96 rep=4 scheme=GS                       I_AB=9.687147e-07 chi_BE=1.013923e-06 K_raw=-9.364355e-08
[distance    ] point 20 value=96 rep=4 scheme=PS                       I_AB=9.700811e-07 chi_BE=6.847206e-07 K_raw=+2.368565e-07
[distance    ] point 20 value=96 rep=4 scheme=PS+GS                    I_AB=9.700812e-07 chi_BE=6.839921e-07 K_raw=+2.375851e-07
[distance    ] point 20 value=96 rep=5 scheme=Uniform QAM              I_AB=9.199136e-07 chi_BE=9.864940e-07 K_raw=-1.125760e-07
[distance    ] point 20 value=96 rep=5 scheme=Maxwell-Boltzmann QAM    I_AB=9.220064e-07 chi_BE=6.496046e-07 K_raw=+2.263014e-07
[distance    ] point 20 value=96 rep=5 scheme=Binomial QAM             I_AB=9.226545e-07 chi_BE=6.534399e-07 K_raw=+2.230819e-07
[distance    ] point 20 value=96 rep=5 scheme=GS                       I_AB=9.199137e-07 chi_BE=9.595663e-07 K_raw=-8.564833e-08
[distance    ] point 20 value=96 rep=5 scheme=PS                       I_AB=9.220064e-07 chi_BE=6.496046e-07 K_raw=+2.263014e-07
[distance    ] point 20 value=96 rep=5 scheme=PS+GS                    I_AB=9.220064e-07 chi_BE=6.489180e-07 K_raw=+2.269880e-07
[distance    ] point 21 value=100 rep=1 scheme=Uniform QAM              I_AB=6.286020e-07 chi_BE=6.817505e-07 K_raw=-8.457854e-08
[distance    ] point 21 value=100 rep=1 scheme=Maxwell-Boltzmann QAM    I_AB=6.303737e-07 chi_BE=4.455758e-07 K_raw=+1.532793e-07
[distance    ] point 21 value=100 rep=1 scheme=Binomial QAM             I_AB=6.306252e-07 chi_BE=4.482569e-07 K_raw=+1.508370e-07
[distance    ] point 21 value=100 rep=1 scheme=GS                       I_AB=6.286021e-07 chi_BE=6.628507e-07 K_raw=-6.567873e-08
[distance    ] point 21 value=100 rep=1 scheme=PS                       I_AB=6.303737e-07 chi_BE=4.455758e-07 K_raw=+1.532793e-07
[distance    ] point 21 value=100 rep=1 scheme=PS+GS                    I_AB=6.303739e-07 chi_BE=4.450959e-07 K_raw=+1.537593e-07
[distance    ] point 21 value=100 rep=2 scheme=Uniform QAM              I_AB=6.081772e-07 chi_BE=6.625438e-07 K_raw=-8.477547e-08
[distance    ] point 21 value=100 rep=2 scheme=Maxwell-Boltzmann QAM    I_AB=6.078328e-07 chi_BE=4.307653e-07 K_raw=+1.466759e-07
[distance    ] point 21 value=100 rep=2 scheme=Binomial QAM             I_AB=6.076777e-07 chi_BE=4.333915e-07 K_raw=+1.439023e-07
[distance    ] point 21 value=100 rep=2 scheme=GS                       I_AB=6.081772e-07 chi_BE=6.439811e-07 K_raw=-6.621277e-08
[distance    ] point 21 value=100 rep=2 scheme=PS                       I_AB=6.078328e-07 chi_BE=4.307653e-07 K_raw=+1.466759e-07
[distance    ] point 21 value=100 rep=2 scheme=PS+GS                    I_AB=6.078327e-07 chi_BE=4.302952e-07 K_raw=+1.471458e-07
[distance    ] point 21 value=100 rep=3 scheme=Uniform QAM              I_AB=7.317417e-07 chi_BE=7.925887e-07 K_raw=-9.743407e-08
[distance    ] point 21 value=100 rep=3 scheme=Maxwell-Boltzmann QAM    I_AB=7.309590e-07 chi_BE=5.183006e-07 K_raw=+1.761104e-07
[distance    ] point 21 value=100 rep=3 scheme=Binomial QAM             I_AB=7.303971e-07 chi_BE=5.214151e-07 K_raw=+1.724621e-07
[distance    ] point 21 value=100 rep=3 scheme=GS                       I_AB=7.317417e-07 chi_BE=7.706408e-07 K_raw=-7.548617e-08
[distance    ] point 21 value=100 rep=3 scheme=PS                       I_AB=7.309590e-07 chi_BE=5.183006e-07 K_raw=+1.761104e-07
[distance    ] point 21 value=100 rep=3 scheme=PS+GS                    I_AB=7.309588e-07 chi_BE=5.177432e-07 K_raw=+1.766677e-07
[distance    ] point 21 value=100 rep=4 scheme=Uniform QAM              I_AB=5.124569e-07 chi_BE=5.587827e-07 K_raw=-7.194861e-08
[distance    ] point 21 value=100 rep=4 scheme=Maxwell-Boltzmann QAM    I_AB=5.118388e-07 chi_BE=3.631513e-07 K_raw=+1.230956e-07
[distance    ] point 21 value=100 rep=4 scheme=Binomial QAM             I_AB=5.119580e-07 chi_BE=3.653676e-07 K_raw=+1.209925e-07
[distance    ] point 21 value=100 rep=4 scheme=GS                       I_AB=5.124570e-07 chi_BE=5.431140e-07 K_raw=-5.627987e-08
[distance    ] point 21 value=100 rep=4 scheme=PS                       I_AB=5.118388e-07 chi_BE=3.631513e-07 K_raw=+1.230956e-07
[distance    ] point 21 value=100 rep=4 scheme=PS+GS                    I_AB=5.118387e-07 chi_BE=3.627546e-07 K_raw=+1.234922e-07
[distance    ] point 21 value=100 rep=5 scheme=Uniform QAM              I_AB=6.024325e-07 chi_BE=6.549795e-07 K_raw=-8.266862e-08
[distance    ] point 21 value=100 rep=5 scheme=Maxwell-Boltzmann QAM    I_AB=6.037569e-07 chi_BE=4.268298e-07 K_raw=+1.467393e-07
[distance    ] point 21 value=100 rep=5 scheme=Binomial QAM             I_AB=6.037590e-07 chi_BE=4.294171e-07 K_raw=+1.441540e-07
[distance    ] point 21 value=100 rep=5 scheme=GS                       I_AB=6.024325e-07 chi_BE=6.367138e-07 K_raw=-6.440293e-08
[distance    ] point 21 value=100 rep=5 scheme=PS                       I_AB=6.037569e-07 chi_BE=4.268298e-07 K_raw=+1.467393e-07
[distance    ] point 21 value=100 rep=5 scheme=PS+GS                    I_AB=6.037569e-07 chi_BE=4.263667e-07 K_raw=+1.472023e-07
Completed distance sweep in 4363.6 s
